Archive member included to satisfy reference by file (symbol)

d:/tool_chain/gcc-arm-none-eabi-10.3-2021.10-win32/gcc-arm-none-eabi-10.3-2021.10/bin/../lib/gcc/arm-none-eabi/10.3.1/../../../../arm-none-eabi/lib/thumb/v7-m/nofp\libg.a(lib_a-errno.o)
                              CMakeFiles/PressureSensorArray.elf.dir/Core/Src/syscalls.c.obj (__errno)
d:/tool_chain/gcc-arm-none-eabi-10.3-2021.10-win32/gcc-arm-none-eabi-10.3-2021.10/bin/../lib/gcc/arm-none-eabi/10.3.1/../../../../arm-none-eabi/lib/thumb/v7-m/nofp\libg.a(lib_a-exit.o)
                              d:/tool_chain/gcc-arm-none-eabi-10.3-2021.10-win32/gcc-arm-none-eabi-10.3-2021.10/bin/../lib/gcc/arm-none-eabi/10.3.1/../../../../arm-none-eabi/lib/thumb/v7-m/nofp/crt0.o (exit)
d:/tool_chain/gcc-arm-none-eabi-10.3-2021.10-win32/gcc-arm-none-eabi-10.3-2021.10/bin/../lib/gcc/arm-none-eabi/10.3.1/../../../../arm-none-eabi/lib/thumb/v7-m/nofp\libg.a(lib_a-impure.o)
                              d:/tool_chain/gcc-arm-none-eabi-10.3-2021.10-win32/gcc-arm-none-eabi-10.3-2021.10/bin/../lib/gcc/arm-none-eabi/10.3.1/../../../../arm-none-eabi/lib/thumb/v7-m/nofp\libg.a(lib_a-exit.o) (_global_impure_ptr)
d:/tool_chain/gcc-arm-none-eabi-10.3-2021.10-win32/gcc-arm-none-eabi-10.3-2021.10/bin/../lib/gcc/arm-none-eabi/10.3.1/../../../../arm-none-eabi/lib/thumb/v7-m/nofp\libg.a(lib_a-init.o)
                              d:/tool_chain/gcc-arm-none-eabi-10.3-2021.10-win32/gcc-arm-none-eabi-10.3-2021.10/bin/../lib/gcc/arm-none-eabi/10.3.1/../../../../arm-none-eabi/lib/thumb/v7-m/nofp/crt0.o (__libc_init_array)
d:/tool_chain/gcc-arm-none-eabi-10.3-2021.10-win32/gcc-arm-none-eabi-10.3-2021.10/bin/../lib/gcc/arm-none-eabi/10.3.1/../../../../arm-none-eabi/lib/thumb/v7-m/nofp\libg.a(lib_a-memset.o)
                              d:/tool_chain/gcc-arm-none-eabi-10.3-2021.10-win32/gcc-arm-none-eabi-10.3-2021.10/bin/../lib/gcc/arm-none-eabi/10.3.1/../../../../arm-none-eabi/lib/thumb/v7-m/nofp/crt0.o (memset)
d:/tool_chain/gcc-arm-none-eabi-10.3-2021.10-win32/gcc-arm-none-eabi-10.3-2021.10/bin/../lib/gcc/arm-none-eabi/10.3.1/../../../../arm-none-eabi/lib/thumb/v7-m/nofp\libg.a(lib_a-printf.o)
                              CMakeFiles/PressureSensorArray.elf.dir/HardWare/UserSrc/adc_stm32.c.obj (printf)
d:/tool_chain/gcc-arm-none-eabi-10.3-2021.10-win32/gcc-arm-none-eabi-10.3-2021.10/bin/../lib/gcc/arm-none-eabi/10.3.1/../../../../arm-none-eabi/lib/thumb/v7-m/nofp\libg.a(lib_a-puts.o)
                              CMakeFiles/PressureSensorArray.elf.dir/HardWare/UserSrc/adc_stm32.c.obj (puts)
d:/tool_chain/gcc-arm-none-eabi-10.3-2021.10-win32/gcc-arm-none-eabi-10.3-2021.10/bin/../lib/gcc/arm-none-eabi/10.3.1/../../../../arm-none-eabi/lib/thumb/v7-m/nofp\libg.a(lib_a-sprintf.o)
                              CMakeFiles/PressureSensorArray.elf.dir/HardWare/UserSrc/esp8266.c.obj (sprintf)
d:/tool_chain/gcc-arm-none-eabi-10.3-2021.10-win32/gcc-arm-none-eabi-10.3-2021.10/bin/../lib/gcc/arm-none-eabi/10.3.1/../../../../arm-none-eabi/lib/thumb/v7-m/nofp\libg.a(lib_a-strcat.o)
                              CMakeFiles/PressureSensorArray.elf.dir/HardWare/UserSrc/esp8266.c.obj (strcat)
d:/tool_chain/gcc-arm-none-eabi-10.3-2021.10-win32/gcc-arm-none-eabi-10.3-2021.10/bin/../lib/gcc/arm-none-eabi/10.3.1/../../../../arm-none-eabi/lib/thumb/v7-m/nofp\libg.a(lib_a-strcpy.o)
                              d:/tool_chain/gcc-arm-none-eabi-10.3-2021.10-win32/gcc-arm-none-eabi-10.3-2021.10/bin/../lib/gcc/arm-none-eabi/10.3.1/../../../../arm-none-eabi/lib/thumb/v7-m/nofp\libg.a(lib_a-strcat.o) (strcpy)
d:/tool_chain/gcc-arm-none-eabi-10.3-2021.10-win32/gcc-arm-none-eabi-10.3-2021.10/bin/../lib/gcc/arm-none-eabi/10.3.1/../../../../arm-none-eabi/lib/thumb/v7-m/nofp\libg.a(lib_a-strlen-stub.o)
                              CMakeFiles/PressureSensorArray.elf.dir/HardWare/UserSrc/esp8266.c.obj (strlen)
d:/tool_chain/gcc-arm-none-eabi-10.3-2021.10-win32/gcc-arm-none-eabi-10.3-2021.10/bin/../lib/gcc/arm-none-eabi/10.3.1/../../../../arm-none-eabi/lib/thumb/v7-m/nofp\libg.a(lib_a-strncpy.o)
                              CMakeFiles/PressureSensorArray.elf.dir/HardWare/UserSrc/esp8266.c.obj (strncpy)
d:/tool_chain/gcc-arm-none-eabi-10.3-2021.10-win32/gcc-arm-none-eabi-10.3-2021.10/bin/../lib/gcc/arm-none-eabi/10.3.1/../../../../arm-none-eabi/lib/thumb/v7-m/nofp\libg.a(lib_a-svfprintf.o)
                              d:/tool_chain/gcc-arm-none-eabi-10.3-2021.10-win32/gcc-arm-none-eabi-10.3-2021.10/bin/../lib/gcc/arm-none-eabi/10.3.1/../../../../arm-none-eabi/lib/thumb/v7-m/nofp\libg.a(lib_a-sprintf.o) (_svfprintf_r)
d:/tool_chain/gcc-arm-none-eabi-10.3-2021.10-win32/gcc-arm-none-eabi-10.3-2021.10/bin/../lib/gcc/arm-none-eabi/10.3.1/../../../../arm-none-eabi/lib/thumb/v7-m/nofp\libg.a(lib_a-vfprintf.o)
[...]
Memory Configuration

Name             Origin             Length             Attributes
RAM              0x20000000         0x00005000         xrw
FLASH            0x08000000         0x00010000         xr
*default*        0x00000000         0xffffffff

Linker script and memory map

LOAD d:/tool_chain/gcc-arm-none-eabi-10.3-2021.10-win32/gcc-arm-none-eabi-10.3-2021.10/bin/../lib/gcc/arm-none-eabi/10.3.1/thumb/v7-m/nofp/crti.o
LOAD d:/tool_chain/gcc-arm-none-eabi-10.3-2021.10-win32/gcc-arm-none-eabi-10.3-2021.10/bin/../lib/gcc/arm-none-eabi/10.3.1/thumb/v7-m/nofp/crtbegin.o
LOAD d:/tool_chain/gcc-arm-none-eabi-10.3-2021.10-win32/gcc-arm-none-eabi-10.3-2021.10/bin/../lib/gcc/arm-none-eabi/10.3.1/../../../../arm-none-eabi/lib/thumb/v7-m/nofp/crt0.o
LOAD CMakeFiles/PressureSensorArray.elf.dir/Core/Src/main.c.obj
LOAD CMakeFiles/PressureSensorArray.elf.dir/Core/Src/stm32f1xx_hal_msp.c.obj
LOAD CMakeFiles/PressureSensorArray.elf.dir/Core/Src/stm32f1xx_it.c.obj
LOAD CMakeFiles/PressureSensorArray.elf.dir/Core/Src/syscalls.c.obj
LOAD CMakeFiles/PressureSensorArray.elf.dir/Core/Src/sysmem.c.obj
LOAD CMakeFiles/PressureSensorArray.elf.dir/Core/Src/system_stm32f1xx.c.obj
LOAD CMakeFiles/PressureSensorArray.elf.dir/Core/Startup/startup_stm32f103c8tx.s.obj
LOAD CMakeFiles/PressureSensorArray.elf.dir/Drivers/STM32F1xx_HAL_Driver/Src/stm32f1xx_hal.c.obj
LOAD CMakeFiles/PressureSensorArray.elf.dir/Drivers/STM32F1xx_HAL_Driver/Src/stm32f1xx_hal_adc.c.obj
LOAD CMakeFiles/PressureSensorArray.elf.dir/Drivers/STM32F1xx_HAL_Driver/Src/stm32f1xx_hal_adc_ex.c.obj
LOAD CMakeFiles/PressureSensorArray.elf.dir/Drivers/STM32F1xx_HAL_Driver/Src/stm32f1xx_hal_cortex.c.obj
LOAD CMakeFiles/PressureSensorArray.elf.dir/Drivers/STM32F1xx_HAL_Driver/Src/stm32f1xx_hal_dma.c.obj
LOAD CMakeFiles/PressureSensorArray.elf.dir/Drivers/STM32F1xx_HAL_Driver/Src/stm32f1xx_hal_exti.c.obj
LOAD CMakeFiles/PressureSensorArray.elf.dir/Drivers/STM32F1xx_HAL_Driver/Src/stm32f1xx_hal_flash.c.obj
LOAD CMakeFiles/PressureSensorArray.elf.dir/Drivers/STM32F1xx_HAL_Driver/Src/stm32f1xx_hal_flash_ex.c.obj
LOAD CMakeFiles/PressureSensorArray.elf.dir/Drivers/STM32F1xx_HAL_Driver/Src/stm32f1xx_hal_gpio.c.obj
LOAD CMakeFiles/PressureSensorArray.elf.dir/Drivers/STM32F1xx_HAL_Driver/Src/stm32f1xx_hal_gpio_ex.c.obj
LOAD CMakeFiles/PressureSensorArray.elf.dir/Drivers/STM32F1xx_HAL_Driver/Src/stm32f1xx_hal_pwr.c.obj
LOAD CMakeFiles/PressureSensorArray.elf.dir/Drivers/STM32F1xx_HAL_Driver/Src/stm32f1xx_hal_rcc.c.obj
LOAD CMakeFiles/PressureSensorArray.elf.dir/Drivers/STM32F1xx_HAL_Driver/Src/stm32f1xx_hal_rcc_ex.c.obj
LOAD CMakeFiles/PressureSensorArray.elf.dir/Drivers/STM32F1xx_HAL_Driver/Src/stm32f1xx_hal_tim.c.obj
LOAD CMakeFiles/PressureSensorArray.elf.dir/Drivers/STM32F1xx_HAL_Driver/Src/stm32f1xx_hal_tim_ex.c.obj
LOAD CMakeFiles/PressureSensorArray.elf.dir/Drivers/STM32F1xx_HAL_Driver/Src/stm32f1xx_hal_uart.c.obj
LOAD CMakeFiles/PressureSensorArray.elf.dir/HardWare/UserSrc/adc_stm32.c.obj
LOAD CMakeFiles/PressureSensorArray.elf.dir/HardWare/UserSrc/esp8266.c.obj
START GROUP
LOAD d:/tool_chain/gcc-arm-none-eabi-10.3-2021.10-win32/gcc-arm-none-eabi-10.3-2021.10/bin/../lib/gcc/arm-none-eabi/10.3.1/thumb/v7-m/nofp\libgcc.a
LOAD d:/tool_chain/gcc-arm-none-eabi-10.3-2021.10-win32/gcc-arm-none-eabi-10.3-2021.10/bin/../lib/gcc/arm-none-eabi/10.3.1/../../../../arm-none-eabi/lib/thumb/v7-m/nofp\libg.a
LOAD d:/tool_chain/gcc-arm-none-eabi-10.3-2021.10-win32/gcc-arm-none-eabi-10.3-2021.10/bin/../lib/gcc/arm-none-eabi/10.3.1/../../../../arm-none-eabi/lib/thumb/v7-m/nofp\libc.a
END GROUP
LOAD d:/tool_chain/gcc-arm-none-eabi-10.3-2021.10-win32/gcc-arm-none-eabi-10.3-2021.10/bin/../lib/gcc/arm-none-eabi/10.3.1/thumb/v7-m/nofp/crtend.o
LOAD d:/tool_chain/gcc-arm-none-eabi-10.3-2021.10-win32/gcc-arm-none-eabi-10.3-2021.10/bin/../lib/gcc/arm-none-eabi/10.3.1/thumb/v7-m/nofp/crtn.o
                0x20005000                _estack = (ORIGIN (RAM) + LENGTH (RAM))
                0x00000200                _Min_Heap_Size = 0x200
                0x00000400                _Min_Stack_Size = 0x400

.isr_vector     0x08000000      0x10c
                0x08000000                . = ALIGN (0x4)
 *(.isr_vector)
 .isr_vector    0x08000000      0x10c CMakeFiles/PressureSensorArray.elf.dir/Core/Startup/startup_stm32f103c8tx.s.obj
                0x08000000                g_pfnVectors
                0x0800010c                . = ALIGN (0x4)

.text           0x08000110     0xb5ec
                0x08000110                . = ALIGN (0x4)
 *(.text)
 .text          0x08000110       0x40 d:/tool_chain/gcc-arm-none-eabi-10.3-2021.10-win32/gcc-arm-none-eabi-10.3-2021.10/bin/../lib/gcc/arm-none-eabi/10.3.1/thumb/v7-m/nofp/crtbegin.o
 .text          0x08000150       0xec d:/tool_chain/gcc-arm-none-eabi-10.3-2021.10-win32/gcc-arm-none-eabi-10.3-2021.10/bin/../lib/gcc/arm-none-eabi/10.3.1/../../../../arm-none-eabi/lib/thumb/v7-m/nofp\libg.a(lib_a-memcpy.o)
                0x08000150                memcpy
 .text          0x0800023c      0x378 d:/tool_chain/gcc-arm-none-eabi-10.3-2021.10-win32/gcc-arm-none-eabi-10.3-2021.10/bin/../lib/gcc/arm-none-eabi/10.3.1/thumb/v7-m/nofp\libgcc.a(_arm_addsubdf3.o)
                0x0800023c                __aeabi_drsub
                0x08000244                __aeabi_dsub
                0x08000244                __subdf3
                0x08000248                __aeabi_dadd
                0x08000248                __adddf3
                0x080004c0                __floatunsidf
                0x080004c0                __aeabi_ui2d
                0x080004e0                __floatsidf
                0x080004e0                __aeabi_i2d
                0x08000504                __aeabi_f2d
                0x08000504                __extendsfdf2
                0x08000548                __floatundidf
                0x08000548                __aeabi_ul2d
                0x08000558                __floatdidf
                0x08000558                __aeabi_l2d
 .text          0x080005b4      0x424 d:/tool_chain/gcc-arm-none-eabi-10.3-2021.10-win32/gcc-arm-none-eabi-10.3-2021.10/bin/../lib/gcc/arm-none-eabi/10.3.1/thumb/v7-m/nofp\libgcc.a(_arm_muldivdf3.o)
                0x080005b4                __aeabi_dmul
                0x080005b4                __muldf3
                0x08000808                __divdf3
                0x08000808                __aeabi_ddiv
 .text          0x080009d8      0x110 d:/tool_chain/gcc-arm-none-eabi-10.3-2021.10-win32/gcc-arm-none-eabi-10.3-2021.10/bin/../lib/gcc/arm-none-eabi/10.3.1/thumb/v7-m/nofp\libgcc.a(_arm_cmpdf2.o)
                0x080009d8                __gtdf2
                0x080009d8                __gedf2
                0x080009e0                __ltdf2
                0x080009e0                __ledf2
                0x080009e8                __nedf2
                0x080009e8                __eqdf2
                0x080009e8                __cmpdf2
                0x08000a64                __aeabi_cdrcmple
                0x08000a74                __aeabi_cdcmpeq
                0x08000a74                __aeabi_cdcmple
                0x08000a84                __aeabi_dcmpeq
                0x08000a98                __aeabi_dcmplt
                0x08000aac                __aeabi_dcmple
                0x08000ac0                __aeabi_dcmpge
                0x08000ad4                __aeabi_dcmpgt
 .text          0x08000ae8       0x2c d:/tool_chain/gcc-arm-none-eabi-10.3-2021.10-win32/gcc-arm-none-eabi-10.3-2021.10/bin/../lib/gcc/arm-none-eabi/10.3.1/thumb/v7-m/nofp\libgcc.a(_arm_unorddf2.o)
                0x08000ae8                __unorddf2
                0x08000ae8                __aeabi_dcmpun
 .text          0x08000b14       0x50 d:/tool_chain/gcc-arm-none-eabi-10.3-2021.10-win32/gcc-arm-none-eabi-10.3-2021.10/bin/../lib/gcc/arm-none-eabi/10.3.1/thumb/v7-m/nofp\libgcc.a(_arm_fixdfsi.o)
                0x08000b14                __aeabi_d2iz
                0x08000b14                __fixdfsi
 .text          0x08000b64       0x30 d:/tool_chain/gcc-arm-none-eabi-10.3-2021.10-win32/gcc-arm-none-eabi-10.3-2021.10/bin/../lib/gcc/arm-none-eabi/10.3.1/thumb/v7-m/nofp\libgcc.a(_aeabi_uldivmod.o)
                0x08000b64                __aeabi_uldivmod
 .text          0x08000b94      0x2d4 d:/tool_chain/gcc-arm-none-eabi-10.3-2021.10-win32/gcc-arm-none-eabi-10.3-2021.10/bin/../lib/gcc/arm-none-eabi/10.3.1/thumb/v7-m/nofp\libgcc.a(_udivmoddi4.o)
                0x08000b94                __udivmoddi4
 .text          0x08000e68        0x4 d:/tool_chain/gcc-arm-none-eabi-10.3-2021.10-win32/gcc-arm-none-eabi-10.3-2021.10/bin/../lib/gcc/arm-none-eabi/10.3.1/thumb/v7-m/nofp\libgcc.a(_dvmd_tls.o)
                0x08000e68                __aeabi_idiv0
                0x08000e68                __aeabi_ldiv0
 *(.text*)
 .text.MX_GPIO_Init
                0x08000e6c       0xdc CMakeFiles/PressureSensorArray.elf.dir/Core/Src/main.c.obj
 .text.MX_DMA_Init
                0x08000f48       0x64 CMakeFiles/PressureSensorArray.elf.dir/Core/Src/main.c.obj
 .text._write   0x08000fac       0x14 CMakeFiles/PressureSensorArray.elf.dir/Core/Src/main.c.obj
                0x08000fac                _write
 .text.Error_Handler
                0x08000fc0        0x4 CMakeFiles/PressureSensorArray.elf.dir/Core/Src/main.c.obj
                0x08000fc0                Error_Handler
 .text.MX_USART1_UART_Init
                0x08000fc4       0x34 CMakeFiles/PressureSensorArray.elf.dir/Core/Src/main.c.obj
 .text.MX_ADC1_Init
                0x08000ff8       0x58 CMakeFiles/PressureSensorArray.elf.dir/Core/Src/main.c.obj
 .text.MX_USART2_UART_Init
                0x08001050       0x34 CMakeFiles/PressureSensorArray.elf.dir/Core/Src/main.c.obj
 .text.SystemClock_Config
                0x08001084       0x88 CMakeFiles/PressureSensorArray.elf.dir/Core/Src/main.c.obj
                0x08001084                SystemClock_Config
 .text.main     0x0800110c       0x4c CMakeFiles/PressureSensorArray.elf.dir/Core/Src/main.c.obj
                0x0800110c                main
 .text.HAL_MspInit
                0x08001158       0x44 CMakeFiles/PressureSensorArray.elf.dir/Core/Src/stm32f1xx_hal_msp.c.obj
                0x08001158                HAL_MspInit
 .text.HAL_ADC_MspInit
                0x0800119c       0x70 CMakeFiles/PressureSensorArray.elf.dir/Core/Src/stm32f1xx_hal_msp.c.obj
                0x0800119c                HAL_ADC_MspInit
 .text.HAL_UART_MspInit
                0x0800120c      0x1d0 CMakeFiles/PressureSensorArray.elf.dir/Core/Src/stm32f1xx_hal_msp.c.obj
                0x0800120c                HAL_UART_MspInit
 .text.NMI_Handler
                0x080013dc        0x2 CMakeFiles/PressureSensorArray.elf.dir/Core/Src/stm32f1xx_it.c.obj
                0x080013dc                NMI_Handler
 .text.HardFault_Handler
                0x080013de        0x2 CMakeFiles/PressureSensorArray.elf.dir/Core/Src/stm32f1xx_it.c.obj
                0x080013de                HardFault_Handler
 .text.MemManage_Handler
                0x080013e0        0x2 CMakeFiles/PressureSensorArray.elf.dir/Core/Src/stm32f1xx_it.c.obj
                0x080013e0                MemManage_Handler
 .text.BusFault_Handler
                0x080013e2        0x2 CMakeFiles/PressureSensorArray.elf.dir/Core/Src/stm32f1xx_it.c.obj
                0x080013e2                BusFault_Handler
 .text.UsageFault_Handler
                0x080013e4        0x2 CMakeFiles/PressureSensorArray.elf.dir/Core/Src/stm32f1xx_it.c.obj
                0x080013e4                UsageFault_Handler
 .text.SVC_Handler
                0x080013e6        0x2 CMakeFiles/PressureSensorArray.elf.dir/Core/Src/stm32f1xx_it.c.obj
                0x080013e6                SVC_Handler
 .text.DebugMon_Handler
                0x080013e8        0x2 CMakeFiles/PressureSensorArray.elf.dir/Core/Src/stm32f1xx_it.c.obj
                0x080013e8                DebugMon_Handler
 .text.PendSV_Handler
                0x080013ea        0x2 CMakeFiles/PressureSensorArray.elf.dir/Core/Src/stm32f1xx_it.c.obj
                0x080013ea                PendSV_Handler
 .text.SysTick_Handler
                0x080013ec        0x8 CMakeFiles/PressureSensorArray.elf.dir/Core/Src/stm32f1xx_it.c.obj
                0x080013ec                SysTick_Handler
 .text.DMA1_Channel4_IRQHandler
                0x080013f4       0x10 CMakeFiles/PressureSensorArray.elf.dir/Core/Src/stm32f1xx_it.c.obj
                0x080013f4                DMA1_Channel4_IRQHandler
 .text.DMA1_Channel5_IRQHandler
                0x08001404       0x10 CMakeFiles/PressureSensorArray.elf.dir/Core/Src/stm32f1xx_it.c.obj
                0x08001404                DMA1_Channel5_IRQHandler
 .text.DMA1_Channel6_IRQHandler
                0x08001414       0x10 CMakeFiles/PressureSensorArray.elf.dir/Core/Src/stm32f1xx_it.c.obj
                0x08001414                DMA1_Channel6_IRQHandler
 .text.DMA1_Channel7_IRQHandler
                0x08001424       0x10 CMakeFiles/PressureSensorArray.elf.dir/Core/Src/stm32f1xx_it.c.obj
                0x08001424                DMA1_Channel7_IRQHandler
 .text.ADC1_2_IRQHandler
                0x08001434       0x10 CMakeFiles/PressureSensorArray.elf.dir/Core/Src/stm32f1xx_it.c.obj
                0x08001434                ADC1_2_IRQHandler
 .text.USART1_IRQHandler
                0x08001444       0x10 CMakeFiles/PressureSensorArray.elf.dir/Core/Src/stm32f1xx_it.c.obj
                0x08001444                USART1_IRQHandler
 .text.USART2_IRQHandler
                0x08001454       0x10 CMakeFiles/PressureSensorArray.elf.dir/Core/Src/stm32f1xx_it.c.obj
                0x08001454                USART2_IRQHandler
 .text._getpid  0x08001464        0x4 CMakeFiles/PressureSensorArray.elf.dir/Core/Src/syscalls.c.obj
                0x08001464                _getpid
 .text._kill    0x08001468       0x10 CMakeFiles/PressureSensorArray.elf.dir/Core/Src/syscalls.c.obj
                0x08001468                _kill
 .text._exit    0x08001478        0xc CMakeFiles/PressureSensorArray.elf.dir/Core/Src/syscalls.c.obj
                0x08001478                _exit
 .text._read    0x08001484       0x20 CMakeFiles/PressureSensorArray.elf.dir/Core/Src/syscalls.c.obj
                0x08001484                _read
 .text._close   0x080014a4        0x6 CMakeFiles/PressureSensorArray.elf.dir/Core/Src/syscalls.c.obj
                0x080014a4                _close
 .text._fstat   0x080014aa        0xa CMakeFiles/PressureSensorArray.elf.dir/Core/Src/syscalls.c.obj
                0x080014aa                _fstat
 .text._isatty  0x080014b4        0x4 CMakeFiles/PressureSensorArray.elf.dir/Core/Src/syscalls.c.obj
                0x080014b4                _isatty
 .text._lseek   0x080014b8        0x4 CMakeFiles/PressureSensorArray.elf.dir/Core/Src/syscalls.c.obj
                0x080014b8                _lseek
 .text._sbrk    0x080014bc       0x48 CMakeFiles/PressureSensorArray.elf.dir/Core/Src/sysmem.c.obj
                0x080014bc                _sbrk
 .text.SystemInit
                0x08001504        0x2 CMakeFiles/PressureSensorArray.elf.dir/Core/Src/system_stm32f1xx.c.obj
                0x08001504                SystemInit
 *fill*         0x08001506        0x2 
 .text.Reset_Handler
                0x08001508       0x48 CMakeFiles/PressureSensorArray.elf.dir/Core/Startup/startup_stm32f103c8tx.s.obj
                0x08001508                Reset_Handler
 .text.Default_Handler
                0x08001550        0x2 CMakeFiles/PressureSensorArray.elf.dir/Core/Startup/startup_stm32f103c8tx.s.obj
                0x08001550                RTC_Alarm_IRQHandler
                0x08001550                EXTI2_IRQHandler
                0x08001550                TIM1_CC_IRQHandler
                0x08001550                PVD_IRQHandler
                0x08001550                EXTI3_IRQHandler
                0x08001550                EXTI0_IRQHandler
                0x08001550                I2C2_EV_IRQHandler
                0x08001550                SPI1_IRQHandler
                0x08001550                TAMPER_IRQHandler
                0x08001550                USART3_IRQHandler
                0x08001550                RTC_IRQHandler
                0x08001550                CAN1_RX1_IRQHandler
                0x08001550                TIM4_IRQHandler
                0x08001550                I2C1_EV_IRQHandler
                0x08001550                TIM3_IRQHandler
                0x08001550                RCC_IRQHandler
                0x08001550                TIM1_TRG_COM_IRQHandler
                0x08001550                DMA1_Channel1_IRQHandler
                0x08001550                Default_Handler
                0x08001550                EXTI15_10_IRQHandler
                0x08001550                EXTI9_5_IRQHandler
                0x08001550                SPI2_IRQHandler
                0x08001550                EXTI4_IRQHandler
                0x08001550                USB_LP_CAN1_RX0_IRQHandler
                0x08001550                USB_HP_CAN1_TX_IRQHandler
                0x08001550                DMA1_Channel3_IRQHandler
                0x08001550                TIM1_UP_IRQHandler
                0x08001550                WWDG_IRQHandler
                0x08001550                TIM2_IRQHandler
                0x08001550                TIM1_BRK_IRQHandler
                0x08001550                EXTI1_IRQHandler
                0x08001550                I2C2_ER_IRQHandler
                0x08001550                DMA1_Channel2_IRQHandler
                0x08001550                CAN1_SCE_IRQHandler
                0x08001550                FLASH_IRQHandler
                0x08001550                I2C1_ER_IRQHandler
                0x08001550                USBWakeUp_IRQHandler
 *fill*         0x08001552        0x2 
 .text.HAL_InitTick
                0x08001554       0x4c CMakeFiles/PressureSensorArray.elf.dir/Drivers/STM32F1xx_HAL_Driver/Src/stm32f1xx_hal.c.obj
                0x08001554                HAL_InitTick
 .text.HAL_Init
                0x080015a0       0x24 CMakeFiles/PressureSensorArray.elf.dir/Drivers/STM32F1xx_HAL_Driver/Src/stm32f1xx_hal.c.obj
                0x080015a0                HAL_Init
 .text.HAL_IncTick
                0x080015c4       0x18 CMakeFiles/PressureSensorArray.elf.dir/Drivers/STM32F1xx_HAL_Driver/Src/stm32f1xx_hal.c.obj
                0x080015c4                HAL_IncTick
 .text.HAL_GetTick
                0x080015dc        0xc CMakeFiles/PressureSensorArray.elf.dir/Drivers/STM32F1xx_HAL_Driver/Src/stm32f1xx_hal.c.obj
                0x080015dc                HAL_GetTick
 .text.HAL_Delay
                0x080015e8       0x28 CMakeFiles/PressureSensorArray.elf.dir/Drivers/STM32F1xx_HAL_Driver/Src/stm32f1xx_hal.c.obj
                0x080015e8                HAL_Delay
 .text.HAL_ADC_GetValue
                0x08001610        0x6 CMakeFiles/PressureSensorArray.elf.dir/Drivers/STM32F1xx_HAL_Driver/Src/stm32f1xx_hal_adc.c.obj
                0x08001610                HAL_ADC_GetValue
 .text.HAL_ADC_LevelOutOfWindowCallback
                0x08001616        0x2 CMakeFiles/PressureSensorArray.elf.dir/Drivers/STM32F1xx_HAL_Driver/Src/stm32f1xx_hal_adc.c.obj
                0x08001616                HAL_ADC_LevelOutOfWindowCallback
 .text.HAL_ADC_IRQHandler
                0x08001618      0x102 CMakeFiles/PressureSensorArray.elf.dir/Drivers/STM32F1xx_HAL_Driver/Src/stm32f1xx_hal_adc.c.obj
                0x08001618                HAL_ADC_IRQHandler
 *fill*         0x0800171a        0x2 
 .text.HAL_ADC_ConfigChannel
                0x0800171c      0x144 CMakeFiles/PressureSensorArray.elf.dir/Drivers/STM32F1xx_HAL_Driver/Src/stm32f1xx_hal_adc.c.obj
                0x0800171c                HAL_ADC_ConfigChannel
 .text.ADC_Enable
                0x08001860       0x88 CMakeFiles/PressureSensorArray.elf.dir/Drivers/STM32F1xx_HAL_Driver/Src/stm32f1xx_hal_adc.c.obj
                0x08001860                ADC_Enable
 .text.HAL_ADC_Start_IT
                0x080018e8       0xf0 CMakeFiles/PressureSensorArray.elf.dir/Drivers/STM32F1xx_HAL_Driver/Src/stm32f1xx_hal_adc.c.obj
                0x080018e8                HAL_ADC_Start_IT
 .text.ADC_ConversionStop_Disable
                0x080019d8       0x56 CMakeFiles/PressureSensorArray.elf.dir/Drivers/STM32F1xx_HAL_Driver/Src/stm32f1xx_hal_adc.c.obj
                0x080019d8                ADC_ConversionStop_Disable
 *fill*         0x08001a2e        0x2 
 .text.HAL_ADC_Init
                0x08001a30      0x108 CMakeFiles/PressureSensorArray.elf.dir/Drivers/STM32F1xx_HAL_Driver/Src/stm32f1xx_hal_adc.c.obj
                0x08001a30                HAL_ADC_Init
 .text.HAL_ADCEx_InjectedConvCpltCallback
                0x08001b38        0x2 CMakeFiles/PressureSensorArray.elf.dir/Drivers/STM32F1xx_HAL_Driver/Src/stm32f1xx_hal_adc_ex.c.obj
                0x08001b38                HAL_ADCEx_InjectedConvCpltCallback
 *fill*         0x08001b3a        0x2 
 .text.HAL_NVIC_SetPriorityGrouping
                0x08001b3c       0x24 CMakeFiles/PressureSensorArray.elf.dir/Drivers/STM32F1xx_HAL_Driver/Src/stm32f1xx_hal_cortex.c.obj
                0x08001b3c                HAL_NVIC_SetPriorityGrouping
 .text.HAL_NVIC_SetPriority
                0x08001b60       0x70 CMakeFiles/PressureSensorArray.elf.dir/Drivers/STM32F1xx_HAL_Driver/Src/stm32f1xx_hal_cortex.c.obj
                0x08001b60                HAL_NVIC_SetPriority
 .text.HAL_NVIC_EnableIRQ
                0x08001bd0       0x1c CMakeFiles/PressureSensorArray.elf.dir/Drivers/STM32F1xx_HAL_Driver/Src/stm32f1xx_hal_cortex.c.obj
                0x08001bd0                HAL_NVIC_EnableIRQ
 .text.HAL_SYSTICK_Config
                0x08001bec       0x28 CMakeFiles/PressureSensorArray.elf.dir/Drivers/STM32F1xx_HAL_Driver/Src/stm32f1xx_hal_cortex.c.obj
                0x08001bec                HAL_SYSTICK_Config
 .text.DMA_SetConfig
                0x08001c14       0x2c CMakeFiles/PressureSensorArray.elf.dir/Drivers/STM32F1xx_HAL_Driver/Src/stm32f1xx_hal_dma.c.obj
 .text.HAL_DMA_Init
                0x08001c40       0x6c CMakeFiles/PressureSensorArray.elf.dir/Drivers/STM32F1xx_HAL_Driver/Src/stm32f1xx_hal_dma.c.obj
                0x08001c40                HAL_DMA_Init
 .text.HAL_DMA_Start_IT
                0x08001cac       0x76 CMakeFiles/PressureSensorArray.elf.dir/Drivers/STM32F1xx_HAL_Driver/Src/stm32f1xx_hal_dma.c.obj
                0x08001cac                HAL_DMA_Start_IT
 .text.HAL_DMA_Abort
                0x08001d22       0x46 CMakeFiles/PressureSensorArray.elf.dir/Drivers/STM32F1xx_HAL_Driver/Src/stm32f1xx_hal_dma.c.obj
                0x08001d22                HAL_DMA_Abort
 .text.HAL_DMA_Abort_IT
                0x08001d68       0x98 CMakeFiles/PressureSensorArray.elf.dir/Drivers/STM32F1xx_HAL_Driver/Src/stm32f1xx_hal_dma.c.obj
                0x08001d68                HAL_DMA_Abort_IT
 .text.HAL_DMA_IRQHandler
                0x08001e00      0x144 CMakeFiles/PressureSensorArray.elf.dir/Drivers/STM32F1xx_HAL_Driver/Src/stm32f1xx_hal_dma.c.obj
                0x08001e00                HAL_DMA_IRQHandler
 .text.HAL_GPIO_Init
                0x08001f44      0x224 CMakeFiles/PressureSensorArray.elf.dir/Drivers/STM32F1xx_HAL_Driver/Src/stm32f1xx_hal_gpio.c.obj
                0x08001f44                HAL_GPIO_Init
 .text.HAL_GPIO_WritePin
                0x08002168        0xc CMakeFiles/PressureSensorArray.elf.dir/Drivers/STM32F1xx_HAL_Driver/Src/stm32f1xx_hal_gpio.c.obj
                0x08002168                HAL_GPIO_WritePin
 .text.RCC_Delay
                0x08002174       0x2c CMakeFiles/PressureSensorArray.elf.dir/Drivers/STM32F1xx_HAL_Driver/Src/stm32f1xx_hal_rcc.c.obj
 .text.HAL_RCC_OscConfig
                0x080021a0      0x410 CMakeFiles/PressureSensorArray.elf.dir/Drivers/STM32F1xx_HAL_Driver/Src/stm32f1xx_hal_rcc.c.obj
                0x080021a0                HAL_RCC_OscConfig
 .text.HAL_RCC_GetSysClockFreq
                0x080025b0       0x54 CMakeFiles/PressureSensorArray.elf.dir/Drivers/STM32F1xx_HAL_Driver/Src/stm32f1xx_hal_rcc.c.obj
                0x080025b0                HAL_RCC_GetSysClockFreq
 .text.HAL_RCC_ClockConfig
                0x08002604      0x16c CMakeFiles/PressureSensorArray.elf.dir/Drivers/STM32F1xx_HAL_Driver/Src/stm32f1xx_hal_rcc.c.obj
                0x08002604                HAL_RCC_ClockConfig
 .text.HAL_RCC_GetHCLKFreq
                0x08002770        0xc CMakeFiles/PressureSensorArray.elf.dir/Drivers/STM32F1xx_HAL_Driver/Src/stm32f1xx_hal_rcc.c.obj
                0x08002770                HAL_RCC_GetHCLKFreq
 .text.HAL_RCC_GetPCLK1Freq
                0x0800277c       0x20 CMakeFiles/PressureSensorArray.elf.dir/Drivers/STM32F1xx_HAL_Driver/Src/stm32f1xx_hal_rcc.c.obj
                0x0800277c                HAL_RCC_GetPCLK1Freq
 .text.HAL_RCC_GetPCLK2Freq
                0x0800279c       0x20 CMakeFiles/PressureSensorArray.elf.dir/Drivers/STM32F1xx_HAL_Driver/Src/stm32f1xx_hal_rcc.c.obj
                0x0800279c                HAL_RCC_GetPCLK2Freq
 .text.HAL_RCCEx_PeriphCLKConfig
                0x080027bc      0x118 CMakeFiles/PressureSensorArray.elf.dir/Drivers/STM32F1xx_HAL_Driver/Src/stm32f1xx_hal_rcc_ex.c.obj
                0x080027bc                HAL_RCCEx_PeriphCLKConfig
 .text.UART_EndTxTransfer
                0x080028d4       0x20 CMakeFiles/PressureSensorArray.elf.dir/Drivers/STM32F1xx_HAL_Driver/Src/stm32f1xx_hal_uart.c.obj
 .text.UART_EndRxTransfer
                0x080028f4       0x5c CMakeFiles/PressureSensorArray.elf.dir/Drivers/STM32F1xx_HAL_Driver/Src/stm32f1xx_hal_uart.c.obj
 .text.UART_Transmit_IT
                0x08002950       0x60 CMakeFiles/PressureSensorArray.elf.dir/Drivers/STM32F1xx_HAL_Driver/Src/stm32f1xx_hal_uart.c.obj
 .text.UART_SetConfig
                0x080029b0       0x94 CMakeFiles/PressureSensorArray.elf.dir/Drivers/STM32F1xx_HAL_Driver/Src/stm32f1xx_hal_uart.c.obj
 .text.UART_WaitOnFlagUntilTimeout
                0x08002a44       0x8a CMakeFiles/PressureSensorArray.elf.dir/Drivers/STM32F1xx_HAL_Driver/Src/stm32f1xx_hal_uart.c.obj
 .text.HAL_UART_Init
                0x08002ace       0x60 CMakeFiles/PressureSensorArray.elf.dir/Drivers/STM32F1xx_HAL_Driver/Src/stm32f1xx_hal_uart.c.obj
                0x08002ace                HAL_UART_Init
 .text.HAL_UART_Transmit
                0x08002b2e       0xcc CMakeFiles/PressureSensorArray.elf.dir/Drivers/STM32F1xx_HAL_Driver/Src/stm32f1xx_hal_uart.c.obj
                0x08002b2e                HAL_UART_Transmit
 *fill*         0x08002bfa        0x2 
 .text.HAL_UART_Transmit_DMA
                0x08002bfc       0x84 CMakeFiles/PressureSensorArray.elf.dir/Drivers/STM32F1xx_HAL_Driver/Src/stm32f1xx_hal_uart.c.obj
                0x08002bfc                HAL_UART_Transmit_DMA
 .text.HAL_UART_TxCpltCallback
                0x08002c80        0x2 CMakeFiles/PressureSensorArray.elf.dir/Drivers/STM32F1xx_HAL_Driver/Src/stm32f1xx_hal_uart.c.obj
                0x08002c80                HAL_UART_TxCpltCallback
 .text.UART_DMATransmitCplt
                0x08002c82       0x4c CMakeFiles/PressureSensorArray.elf.dir/Drivers/STM32F1xx_HAL_Driver/Src/stm32f1xx_hal_uart.c.obj
 .text.UART_EndTransmit_IT
                0x08002cce       0x1a CMakeFiles/PressureSensorArray.elf.dir/Drivers/STM32F1xx_HAL_Driver/Src/stm32f1xx_hal_uart.c.obj
 .text.HAL_UART_TxHalfCpltCallback
                0x08002ce8        0x2 CMakeFiles/PressureSensorArray.elf.dir/Drivers/STM32F1xx_HAL_Driver/Src/stm32f1xx_hal_uart.c.obj
                0x08002ce8                HAL_UART_TxHalfCpltCallback
 .text.UART_DMATxHalfCplt
                0x08002cea        0xa CMakeFiles/PressureSensorArray.elf.dir/Drivers/STM32F1xx_HAL_Driver/Src/stm32f1xx_hal_uart.c.obj
 .text.HAL_UART_RxCpltCallback
                0x08002cf4        0x2 CMakeFiles/PressureSensorArray.elf.dir/Drivers/STM32F1xx_HAL_Driver/Src/stm32f1xx_hal_uart.c.obj
                0x08002cf4                HAL_UART_RxCpltCallback
 .text.HAL_UART_RxHalfCpltCallback
                0x08002cf6        0x2 CMakeFiles/PressureSensorArray.elf.dir/Drivers/STM32F1xx_HAL_Driver/Src/stm32f1xx_hal_uart.c.obj
                0x08002cf6                HAL_UART_RxHalfCpltCallback
 .text.HAL_UART_ErrorCallback
                0x08002cf8        0x2 CMakeFiles/PressureSensorArray.elf.dir/Drivers/STM32F1xx_HAL_Driver/Src/stm32f1xx_hal_uart.c.obj
                0x08002cf8                HAL_UART_ErrorCallback
 .text.UART_DMAError
                0x08002cfa       0x58 CMakeFiles/PressureSensorArray.elf.dir/Drivers/STM32F1xx_HAL_Driver/Src/stm32f1xx_hal_uart.c.obj
 .text.UART_DMAAbortOnError
                0x08002d52       0x10 CMakeFiles/PressureSensorArray.elf.dir/Drivers/STM32F1xx_HAL_Driver/Src/stm32f1xx_hal_uart.c.obj
 .text.HAL_UARTEx_RxEventCallback
                0x08002d62        0x2 CMakeFiles/PressureSensorArray.elf.dir/Drivers/STM32F1xx_HAL_Driver/Src/stm32f1xx_hal_uart.c.obj
                0x08002d62                HAL_UARTEx_RxEventCallback
 .text.UART_Receive_IT
                0x08002d64       0xe6 CMakeFiles/PressureSensorArray.elf.dir/Drivers/STM32F1xx_HAL_Driver/Src/stm32f1xx_hal_uart.c.obj
 *fill*         0x08002e4a        0x2 
 .text.HAL_UART_IRQHandler
                0x08002e4c      0x288 CMakeFiles/PressureSensorArray.elf.dir/Drivers/STM32F1xx_HAL_Driver/Src/stm32f1xx_hal_uart.c.obj
                0x08002e4c                HAL_UART_IRQHandler
 .text.UART_DMARxHalfCplt
                0x080030d4       0x1e CMakeFiles/PressureSensorArray.elf.dir/Drivers/STM32F1xx_HAL_Driver/Src/stm32f1xx_hal_uart.c.obj
 .text.UART_DMAReceiveCplt
                0x080030f2       0x9a CMakeFiles/PressureSensorArray.elf.dir/Drivers/STM32F1xx_HAL_Driver/Src/stm32f1xx_hal_uart.c.obj
 .text.UART_Start_Receive_DMA
                0x0800318c       0xa4 CMakeFiles/PressureSensorArray.elf.dir/Drivers/STM32F1xx_HAL_Driver/Src/stm32f1xx_hal_uart.c.obj
                0x0800318c                UART_Start_Receive_DMA
 .text.HAL_UARTEx_ReceiveToIdle_DMA
                0x08003230       0x62 CMakeFiles/PressureSensorArray.elf.dir/Drivers/STM32F1xx_HAL_Driver/Src/stm32f1xx_hal_uart.c.obj
                0x08003230                HAL_UARTEx_ReceiveToIdle_DMA
 *fill*         0x08003292        0x2 
 .text.AdcInitUser
                0x08003294       0x2c CMakeFiles/PressureSensorArray.elf.dir/HardWare/UserSrc/adc_stm32.c.obj
                0x08003294                AdcInitUser
 .text.AdcSwitchGpioInit
                0x080032c0       0x9c CMakeFiles/PressureSensorArray.elf.dir/HardWare/UserSrc/adc_stm32.c.obj
                0x080032c0                AdcSwitchGpioInit
 .text.PrintDataArray
                0x0800335c       0x6c CMakeFiles/PressureSensorArray.elf.dir/HardWare/UserSrc/adc_stm32.c.obj
                0x0800335c                PrintDataArray
 .text.SwitchAdcRowNumber
                0x080033c8       0x5c CMakeFiles/PressureSensorArray.elf.dir/HardWare/UserSrc/adc_stm32.c.obj
                0x080033c8                SwitchAdcRowNumber
 .text.AdcGetValue
                0x08003424       0x2c CMakeFiles/PressureSensorArray.elf.dir/HardWare/UserSrc/adc_stm32.c.obj
                0x08003424                AdcGetValue
 .text.SwitchChannel
                0x08003450      0x1c0 CMakeFiles/PressureSensorArray.elf.dir/HardWare/UserSrc/adc_stm32.c.obj
                0x08003450                SwitchChannel
 .text.AdcSpinOnce
                0x08003610       0x88 CMakeFiles/PressureSensorArray.elf.dir/HardWare/UserSrc/adc_stm32.c.obj
                0x08003610                AdcSpinOnce
 .text.HAL_ADC_ConvCpltCallback
                0x08003698        0xc CMakeFiles/PressureSensorArray.elf.dir/HardWare/UserSrc/adc_stm32.c.obj
                0x08003698                HAL_ADC_ConvCpltCallback
 .text.classifyNumber
                0x080036a4       0x24 CMakeFiles/PressureSensorArray.elf.dir/HardWare/UserSrc/esp8266.c.obj
 .text.sprintf_append
                0x080036c8       0x18 CMakeFiles/PressureSensorArray.elf.dir/HardWare/UserSrc/esp8266.c.obj
 .text.Esp8266SetUdp
                0x080036e0       0x44 CMakeFiles/PressureSensorArray.elf.dir/HardWare/UserSrc/esp8266.c.obj
                0x080036e0                Esp8266SetUdp
 .text.Esp8266Init
                0x08003724       0xdc CMakeFiles/PressureSensorArray.elf.dir/HardWare/UserSrc/esp8266.c.obj
                0x08003724                Esp8266Init
 .text.Esp32SendArray
                0x08003800      0x110 CMakeFiles/PressureSensorArray.elf.dir/HardWare/UserSrc/esp8266.c.obj
                0x08003800                Esp32SendArray
 .text.__errno  0x08003910        0xc d:/tool_chain/gcc-arm-none-eabi-10.3-2021.10-win32/gcc-arm-none-eabi-10.3-2021.10/bin/../lib/gcc/arm-none-eabi/10.3.1/../../../../arm-none-eabi/lib/thumb/v7-m/nofp\libg.a(lib_a-errno.o)
                0x08003910                __errno
 .text.__libc_init_array
                0x0800391c       0x48 d:/tool_chain/gcc-arm-none-eabi-10.3-2021.10-win32/gcc-arm-none-eabi-10.3-2021.10/bin/../lib/gcc/arm-none-eabi/10.3.1/../../../../arm-none-eabi/lib/thumb/v7-m/nofp\libg.a(lib_a-init.o)
                0x0800391c                __libc_init_array
 .text.memset   0x08003964       0xa4 d:/tool_chain/gcc-arm-none-eabi-10.3-2021.10-win32/gcc-arm-none-eabi-10.3-2021.10/bin/../lib/gcc/arm-none-eabi/10.3.1/../../../../arm-none-eabi/lib/thumb/v7-m/nofp\libg.a(lib_a-memset.o)
                0x08003964                memset
 .text.printf   0x08003a08       0x28 d:/tool_chain/gcc-arm-none-eabi-10.3-2021.10-win32/gcc-arm-none-eabi-10.3-2021.10/bin/../lib/gcc/arm-none-eabi/10.3.1/../../../../arm-none-eabi/lib/thumb/v7-m/nofp\libg.a(lib_a-printf.o)
                0x08003a08                printf
 .text._puts_r  0x08003a30       0x9c d:/tool_chain/gcc-arm-none-eabi-10.3-2021.10-win32/gcc-arm-none-eabi-10.3-2021.10/bin/../lib/gcc/arm-none-eabi/10.3.1/../../../../arm-none-eabi/lib/thumb/v7-m/nofp\libg.a(lib_a-puts.o)
                0x08003a30                _puts_r
 .text.puts     0x08003acc       0x10 d:/tool_chain/gcc-arm-none-eabi-10.3-2021.10-win32/gcc-arm-none-eabi-10.3-2021.10/bin/../lib/gcc/arm-none-eabi/10.3.1/../../../../arm-none-eabi/lib/thumb/v7-m/nofp\libg.a(lib_a-puts.o)
                0x08003acc                puts
 .text.sprintf  0x08003adc       0x44 d:/tool_chain/gcc-arm-none-eabi-10.3-2021.10-win32/gcc-arm-none-eabi-10.3-2021.10/bin/../lib/gcc/arm-none-eabi/10.3.1/../../../../arm-none-eabi/lib/thumb/v7-m/nofp\libg.a(lib_a-sprintf.o)
                0x08003adc                sprintf
 .text.strcat   0x08003b20       0x40 d:/tool_chain/gcc-arm-none-eabi-10.3-2021.10-win32/gcc-arm-none-eabi-10.3-2021.10/bin/../lib/gcc/arm-none-eabi/10.3.1/../../../../arm-none-eabi/lib/thumb/v7-m/nofp\libg.a(lib_a-strcat.o)
                0x08003b20                strcat
 .text.strcpy   0x08003b60       0xbc d:/tool_chain/gcc-arm-none-eabi-10.3-2021.10-win32/gcc-arm-none-eabi-10.3-2021.10/bin/../lib/gcc/arm-none-eabi/10.3.1/../../../../arm-none-eabi/lib/thumb/v7-m/nofp\libg.a(lib_a-strcpy.o)
                0x08003b60                strcpy
 .text.strlen   0x08003c1c       0x5c d:/tool_chain/gcc-arm-none-eabi-10.3-2021.10-win32/gcc-arm-none-eabi-10.3-2021.10/bin/../lib/gcc/arm-none-eabi/10.3.1/../../../../arm-none-eabi/lib/thumb/v7-m/nofp\libg.a(lib_a-strlen-stub.o)
                0x08003c1c                strlen
 .text.strncpy  0x08003c78       0x68 d:/tool_chain/gcc-arm-none-eabi-10.3-2021.10-win32/gcc-arm-none-eabi-10.3-2021.10/bin/../lib/gcc/arm-none-eabi/10.3.1/../../../../arm-none-eabi/lib/thumb/v7-m/nofp\libg.a(lib_a-strncpy.o)
                0x08003c78                strncpy
 .text._svfprintf_r
                0x08003ce0     0x1aa4 d:/tool_chain/gcc-arm-none-eabi-10.3-2021.10-win32/gcc-arm-none-eabi-10.3-2021.10/bin/../lib/gcc/arm-none-eabi/10.3.1/../../../../arm-none-eabi/lib/thumb/v7-m/nofp\libg.a(lib_a-svfprintf.o)
                0x08003ce0                _svfprintf_r
 .text._vfprintf_r
                0x08005784     0x1b58 d:/tool_chain/gcc-arm-none-eabi-10.3-2021.10-win32/gcc-arm-none-eabi-10.3-2021.10/bin/../lib/gcc/arm-none-eabi/10.3.1/../../../../arm-none-eabi/lib/thumb/v7-m/nofp\libg.a(lib_a-vfprintf.o)
                0x08005784                _vfprintf_r
 .text.__sbprintf
                0x080072dc       0x84 d:/tool_chain/gcc-arm-none-eabi-10.3-2021.10-win32/gcc-arm-none-eabi-10.3-2021.10/bin/../lib/gcc/arm-none-eabi/10.3.1/../../../../arm-none-eabi/lib/thumb/v7-m/nofp\libg.a(lib_a-vfprintf.o)
 .text.__swsetup_r
                0x08007360       0xd4 d:/tool_chain/gcc-arm-none-eabi-10.3-2021.10-win32/gcc-arm-none-eabi-10.3-2021.10/bin/../lib/gcc/arm-none-eabi/10.3.1/../../../../arm-none-eabi/lib/thumb/v7-m/nofp\libg.a(lib_a-wsetup.o)
                0x08007360                __swsetup_r
 .text.startup.register_fini
                0x08007434       0x14 d:/tool_chain/gcc-arm-none-eabi-10.3-2021.10-win32/gcc-arm-none-eabi-10.3-2021.10/bin/../lib/gcc/arm-none-eabi/10.3.1/../../../../arm-none-eabi/lib/thumb/v7-m/nofp\libg.a(lib_a-__call_atexit.o)
 .text.atexit   0x08007448        0xc d:/tool_chain/gcc-arm-none-eabi-10.3-2021.10-win32/gcc-arm-none-eabi-10.3-2021.10/bin/../lib/gcc/arm-none-eabi/10.3.1/../../../../arm-none-eabi/lib/thumb/v7-m/nofp\libg.a(lib_a-atexit.o)
                0x08007448                atexit
 .text.quorem   0x08007454      0x12c d:/tool_chain/gcc-arm-none-eabi-10.3-2021.10-win32/gcc-arm-none-eabi-10.3-2021.10/bin/../lib/gcc/arm-none-eabi/10.3.1/../../../../arm-none-eabi/lib/thumb/v7-m/nofp\libg.a(lib_a-dtoa.o)
 .text._dtoa_r  0x08007580      0xecc d:/tool_chain/gcc-arm-none-eabi-10.3-2021.10-win32/gcc-arm-none-eabi-10.3-2021.10/bin/../lib/gcc/arm-none-eabi/10.3.1/../../../../arm-none-eabi/lib/thumb/v7-m/nofp\libg.a(lib_a-dtoa.o)
                0x08007580                _dtoa_r
 .text.__sflush_r
                0x0800844c      0x124 d:/tool_chain/gcc-arm-none-eabi-10.3-2021.10-win32/gcc-arm-none-eabi-10.3-2021.10/bin/../lib/gcc/arm-none-eabi/10.3.1/../../../../arm-none-eabi/lib/thumb/v7-m/nofp\libg.a(lib_a-fflush.o)
                0x0800844c                __sflush_r
 .text._fflush_r
                0x08008570       0x5c d:/tool_chain/gcc-arm-none-eabi-10.3-2021.10-win32/gcc-arm-none-eabi-10.3-2021.10/bin/../lib/gcc/arm-none-eabi/10.3.1/../../../../arm-none-eabi/lib/thumb/v7-m/nofp\libg.a(lib_a-fflush.o)
                0x08008570                _fflush_r
 .text._cleanup_r
                0x080085cc        0xc d:/tool_chain/gcc-arm-none-eabi-10.3-2021.10-win32/gcc-arm-none-eabi-10.3-2021.10/bin/../lib/gcc/arm-none-eabi/10.3.1/../../../../arm-none-eabi/lib/thumb/v7-m/nofp\libg.a(lib_a-findfp.o)
                0x080085cc                _cleanup_r
 .text.__sinit  0x080085d8      0x10c d:/tool_chain/gcc-arm-none-eabi-10.3-2021.10-win32/gcc-arm-none-eabi-10.3-2021.10/bin/../lib/gcc/arm-none-eabi/10.3.1/../../../../arm-none-eabi/lib/thumb/v7-m/nofp\libg.a(lib_a-findfp.o)
                0x080085d8                __sinit
 .text.__sfp_lock_acquire
                0x080086e4        0xc d:/tool_chain/gcc-arm-none-eabi-10.3-2021.10-win32/gcc-arm-none-eabi-10.3-2021.10/bin/../lib/gcc/arm-none-eabi/10.3.1/../../../../arm-none-eabi/lib/thumb/v7-m/nofp\libg.a(lib_a-findfp.o)
                0x080086e4                __sfp_lock_acquire
 .text.__sfp_lock_release
                0x080086f0        0xc d:/tool_chain/gcc-arm-none-eabi-10.3-2021.10-win32/gcc-arm-none-eabi-10.3-2021.10/bin/../lib/gcc/arm-none-eabi/10.3.1/../../../../arm-none-eabi/lib/thumb/v7-m/nofp\libg.a(lib_a-findfp.o)
                0x080086f0                __sfp_lock_release
 .text.__libc_fini_array
                0x080086fc       0x2c d:/tool_chain/gcc-arm-none-eabi-10.3-2021.10-win32/gcc-arm-none-eabi-10.3-2021.10/bin/../lib/gcc/arm-none-eabi/10.3.1/../../../../arm-none-eabi/lib/thumb/v7-m/nofp\libg.a(lib_a-fini.o)
                0x080086fc                __libc_fini_array
 .text._malloc_trim_r
                0x08008728       0xa0 d:/tool_chain/gcc-arm-none-eabi-10.3-2021.10-win32/gcc-arm-none-eabi-10.3-2021.10/bin/../lib/gcc/arm-none-eabi/10.3.1/../../../../arm-none-eabi/lib/thumb/v7-m/nofp\libg.a(lib_a-freer.o)
                0x08008728                _malloc_trim_r
 .text._free_r  0x080087c8      0x200 d:/tool_chain/gcc-arm-none-eabi-10.3-2021.10-win32/gcc-arm-none-eabi-10.3-2021.10/bin/../lib/gcc/arm-none-eabi/10.3.1/../../../../arm-none-eabi/lib/thumb/v7-m/nofp\libg.a(lib_a-freer.o)
                0x080087c8                _free_r
 .text.__sfvwrite_r
                0x080089c8      0x2f0 d:/tool_chain/gcc-arm-none-eabi-10.3-2021.10-win32/gcc-arm-none-eabi-10.3-2021.10/bin/../lib/gcc/arm-none-eabi/10.3.1/../../../../arm-none-eabi/lib/thumb/v7-m/nofp\libg.a(lib_a-fvwrite.o)
                0x080089c8                __sfvwrite_r
 .text._fwalk_reent
                0x08008cb8       0x48 d:/tool_chain/gcc-arm-none-eabi-10.3-2021.10-win32/gcc-arm-none-eabi-10.3-2021.10/bin/../lib/gcc/arm-none-eabi/10.3.1/../../../../arm-none-eabi/lib/thumb/v7-m/nofp\libg.a(lib_a-fwalk.o)
                0x08008cb8                _fwalk_reent
 .text._localeconv_r
                0x08008d00        0x8 d:/tool_chain/gcc-arm-none-eabi-10.3-2021.10-win32/gcc-arm-none-eabi-10.3-2021.10/bin/../lib/gcc/arm-none-eabi/10.3.1/../../../../arm-none-eabi/lib/thumb/v7-m/nofp\libg.a(lib_a-localeconv.o)
                0x08008d00                _localeconv_r
 .text.__retarget_lock_init_recursive
                0x08008d08        0x4 d:/tool_chain/gcc-arm-none-eabi-10.3-2021.10-win32/gcc-arm-none-eabi-10.3-2021.10/bin/../lib/gcc/arm-none-eabi/10.3.1/../../../../arm-none-eabi/lib/thumb/v7-m/nofp\libg.a(lib_a-lock.o)
                0x08008d08                __retarget_lock_init_recursive
 .text.__retarget_lock_close_recursive
                0x08008d0c        0x4 d:/tool_chain/gcc-arm-none-eabi-10.3-2021.10-win32/gcc-arm-none-eabi-10.3-2021.10/bin/../lib/gcc/arm-none-eabi/10.3.1/../../../../arm-none-eabi/lib/thumb/v7-m/nofp\libg.a(lib_a-lock.o)
                0x08008d0c                __retarget_lock_close_recursive
 .text.__retarget_lock_acquire_recursive
                0x08008d10        0x4 d:/tool_chain/gcc-arm-none-eabi-10.3-2021.10-win32/gcc-arm-none-eabi-10.3-2021.10/bin/../lib/gcc/arm-none-eabi/10.3.1/../../../../arm-none-eabi/lib/thumb/v7-m/nofp\libg.a(lib_a-lock.o)
                0x08008d10                __retarget_lock_acquire_recursive
 .text.__retarget_lock_release_recursive
                0x08008d14        0x4 d:/tool_chain/gcc-arm-none-eabi-10.3-2021.10-win32/gcc-arm-none-eabi-10.3-2021.10/bin/../lib/gcc/arm-none-eabi/10.3.1/../../../../arm-none-eabi/lib/thumb/v7-m/nofp\libg.a(lib_a-lock.o)
                0x08008d14                __retarget_lock_release_recursive
 .text.__smakebuf_r
                0x08008d18       0xe0 d:/tool_chain/gcc-arm-none-eabi-10.3-2021.10-win32/gcc-arm-none-eabi-10.3-2021.10/bin/../lib/gcc/arm-none-eabi/10.3.1/../../../../arm-none-eabi/lib/thumb/v7-m/nofp\libg.a(lib_a-makebuf.o)
                0x08008d18                __smakebuf_r
 .text._malloc_r
                0x08008df8      0x558 d:/tool_chain/gcc-arm-none-eabi-10.3-2021.10-win32/gcc-arm-none-eabi-10.3-2021.10/bin/../lib/gcc/arm-none-eabi/10.3.1/../../../../arm-none-eabi/lib/thumb/v7-m/nofp\libg.a(lib_a-mallocr.o)
                0x08008df8                _malloc_r
 .text.memchr   0x08009350       0x90 d:/tool_chain/gcc-arm-none-eabi-10.3-2021.10-win32/gcc-arm-none-eabi-10.3-2021.10/bin/../lib/gcc/arm-none-eabi/10.3.1/../../../../arm-none-eabi/lib/thumb/v7-m/nofp\libg.a(lib_a-memchr-stub.o)
                0x08009350                memchr
 .text.memmove  0x080093e0       0xf8 d:/tool_chain/gcc-arm-none-eabi-10.3-2021.10-win32/gcc-arm-none-eabi-10.3-2021.10/bin/../lib/gcc/arm-none-eabi/10.3.1/../../../../arm-none-eabi/lib/thumb/v7-m/nofp\libg.a(lib_a-memmove.o)
                0x080093e0                memmove
 .text.__malloc_lock
                0x080094d8        0xc d:/tool_chain/gcc-arm-none-eabi-10.3-2021.10-win32/gcc-arm-none-eabi-10.3-2021.10/bin/../lib/gcc/arm-none-eabi/10.3.1/../../../../arm-none-eabi/lib/thumb/v7-m/nofp\libg.a(lib_a-mlock.o)
                0x080094d8                __malloc_lock
 .text.__malloc_unlock
                0x080094e4        0xc d:/tool_chain/gcc-arm-none-eabi-10.3-2021.10-win32/gcc-arm-none-eabi-10.3-2021.10/bin/../lib/gcc/arm-none-eabi/10.3.1/../../../../arm-none-eabi/lib/thumb/v7-m/nofp\libg.a(lib_a-mlock.o)
                0x080094e4                __malloc_unlock
 .text._Balloc  0x080094f0       0x4c d:/tool_chain/gcc-arm-none-eabi-10.3-2021.10-win32/gcc-arm-none-eabi-10.3-2021.10/bin/../lib/gcc/arm-none-eabi/10.3.1/../../../../arm-none-eabi/lib/thumb/v7-m/nofp\libg.a(lib_a-mprec.o)
                0x080094f0                _Balloc
 .text._Bfree   0x0800953c       0x14 d:/tool_chain/gcc-arm-none-eabi-10.3-2021.10-win32/gcc-arm-none-eabi-10.3-2021.10/bin/../lib/gcc/arm-none-eabi/10.3.1/../../../../arm-none-eabi/lib/thumb/v7-m/nofp\libg.a(lib_a-mprec.o)
                0x0800953c                _Bfree
 .text.__multadd
                0x08009550       0xa4 d:/tool_chain/gcc-arm-none-eabi-10.3-2021.10-win32/gcc-arm-none-eabi-10.3-2021.10/bin/../lib/gcc/arm-none-eabi/10.3.1/../../../../arm-none-eabi/lib/thumb/v7-m/nofp\libg.a(lib_a-mprec.o)
                0x08009550                __multadd
 .text.__hi0bits
                0x080095f4       0x40 d:/tool_chain/gcc-arm-none-eabi-10.3-2021.10-win32/gcc-arm-none-eabi-10.3-2021.10/bin/../lib/gcc/arm-none-eabi/10.3.1/../../../../arm-none-eabi/lib/thumb/v7-m/nofp\libg.a(lib_a-mprec.o)
                0x080095f4                __hi0bits
 .text.__lo0bits
                0x08009634       0x58 d:/tool_chain/gcc-arm-none-eabi-10.3-2021.10-win32/gcc-arm-none-eabi-10.3-2021.10/bin/../lib/gcc/arm-none-eabi/10.3.1/../../../../arm-none-eabi/lib/thumb/v7-m/nofp\libg.a(lib_a-mprec.o)
                0x08009634                __lo0bits
 .text.__i2b    0x0800968c       0x5c d:/tool_chain/gcc-arm-none-eabi-10.3-2021.10-win32/gcc-arm-none-eabi-10.3-2021.10/bin/../lib/gcc/arm-none-eabi/10.3.1/../../../../arm-none-eabi/lib/thumb/v7-m/nofp\libg.a(lib_a-mprec.o)
                0x0800968c                __i2b
 .text.__multiply
                0x080096e8      0x15c d:/tool_chain/gcc-arm-none-eabi-10.3-2021.10-win32/gcc-arm-none-eabi-10.3-2021.10/bin/../lib/gcc/arm-none-eabi/10.3.1/../../../../arm-none-eabi/lib/thumb/v7-m/nofp\libg.a(lib_a-mprec.o)
                0x080096e8                __multiply
 .text.__pow5mult
                0x08009844       0xb8 d:/tool_chain/gcc-arm-none-eabi-10.3-2021.10-win32/gcc-arm-none-eabi-10.3-2021.10/bin/../lib/gcc/arm-none-eabi/10.3.1/../../../../arm-none-eabi/lib/thumb/v7-m/nofp\libg.a(lib_a-mprec.o)
                0x08009844                __pow5mult
 .text.__lshift
                0x080098fc       0xec d:/tool_chain/gcc-arm-none-eabi-10.3-2021.10-win32/gcc-arm-none-eabi-10.3-2021.10/bin/../lib/gcc/arm-none-eabi/10.3.1/../../../../arm-none-eabi/lib/thumb/v7-m/nofp\libg.a(lib_a-mprec.o)
                0x080098fc                __lshift
 .text.__mcmp   0x080099e8       0x40 d:/tool_chain/gcc-arm-none-eabi-10.3-2021.10-win32/gcc-arm-none-eabi-10.3-2021.10/bin/../lib/gcc/arm-none-eabi/10.3.1/../../../../arm-none-eabi/lib/thumb/v7-m/nofp\libg.a(lib_a-mprec.o)
                0x080099e8                __mcmp
 .text.__mdiff  0x08009a28      0x14c d:/tool_chain/gcc-arm-none-eabi-10.3-2021.10-win32/gcc-arm-none-eabi-10.3-2021.10/bin/../lib/gcc/arm-none-eabi/10.3.1/../../../../arm-none-eabi/lib/thumb/v7-m/nofp\libg.a(lib_a-mprec.o)
                0x08009a28                __mdiff
 .text.__d2b    0x08009b74       0xc4 d:/tool_chain/gcc-arm-none-eabi-10.3-2021.10-win32/gcc-arm-none-eabi-10.3-2021.10/bin/../lib/gcc/arm-none-eabi/10.3.1/../../../../arm-none-eabi/lib/thumb/v7-m/nofp\libg.a(lib_a-mprec.o)
                0x08009b74                __d2b
 .text._realloc_r
                0x08009c38      0x3dc d:/tool_chain/gcc-arm-none-eabi-10.3-2021.10-win32/gcc-arm-none-eabi-10.3-2021.10/bin/../lib/gcc/arm-none-eabi/10.3.1/../../../../arm-none-eabi/lib/thumb/v7-m/nofp\libg.a(lib_a-reallocr.o)
                0x08009c38                _realloc_r
 .text.frexp    0x0800a014       0x70 d:/tool_chain/gcc-arm-none-eabi-10.3-2021.10-win32/gcc-arm-none-eabi-10.3-2021.10/bin/../lib/gcc/arm-none-eabi/10.3.1/../../../../arm-none-eabi/lib/thumb/v7-m/nofp\libg.a(lib_a-s_frexp.o)
                0x0800a014                frexp
 .text._sbrk_r  0x0800a084       0x24 d:/tool_chain/gcc-arm-none-eabi-10.3-2021.10-win32/gcc-arm-none-eabi-10.3-2021.10/bin/../lib/gcc/arm-none-eabi/10.3.1/../../../../arm-none-eabi/lib/thumb/v7-m/nofp\libg.a(lib_a-sbrkr.o)
                0x0800a084                _sbrk_r
 .text.__sread  0x0800a0a8       0x24 d:/tool_chain/gcc-arm-none-eabi-10.3-2021.10-win32/gcc-arm-none-eabi-10.3-2021.10/bin/../lib/gcc/arm-none-eabi/10.3.1/../../../../arm-none-eabi/lib/thumb/v7-m/nofp\libg.a(lib_a-stdio.o)
                0x0800a0a8                __sread
 .text.__swrite
                0x0800a0cc       0x40 d:/tool_chain/gcc-arm-none-eabi-10.3-2021.10-win32/gcc-arm-none-eabi-10.3-2021.10/bin/../lib/gcc/arm-none-eabi/10.3.1/../../../../arm-none-eabi/lib/thumb/v7-m/nofp\libg.a(lib_a-stdio.o)
                0x0800a0cc                __swrite
 .text.__sseek  0x0800a10c       0x20 d:/tool_chain/gcc-arm-none-eabi-10.3-2021.10-win32/gcc-arm-none-eabi-10.3-2021.10/bin/../lib/gcc/arm-none-eabi/10.3.1/../../../../arm-none-eabi/lib/thumb/v7-m/nofp\libg.a(lib_a-stdio.o)
                0x0800a10c                __sseek
 .text.__sclose
                0x0800a12c        0x8 d:/tool_chain/gcc-arm-none-eabi-10.3-2021.10-win32/gcc-arm-none-eabi-10.3-2021.10/bin/../lib/gcc/arm-none-eabi/10.3.1/../../../../arm-none-eabi/lib/thumb/v7-m/nofp\libg.a(lib_a-stdio.o)
                0x0800a12c                __sclose
 .text.__ssprint_r
                0x0800a134       0xfc d:/tool_chain/gcc-arm-none-eabi-10.3-2021.10-win32/gcc-arm-none-eabi-10.3-2021.10/bin/../lib/gcc/arm-none-eabi/10.3.1/../../../../arm-none-eabi/lib/thumb/v7-m/nofp\libg.a(lib_a-svfiprintf.o)
                0x0800a134                __ssprint_r
 .text.__sprint_r.part.0
                0x0800a230       0x78 d:/tool_chain/gcc-arm-none-eabi-10.3-2021.10-win32/gcc-arm-none-eabi-10.3-2021.10/bin/../lib/gcc/arm-none-eabi/10.3.1/../../../../arm-none-eabi/lib/thumb/v7-m/nofp\libg.a(lib_a-vfiprintf.o)
 .text.__sprint_r
                0x0800a2a8       0x14 d:/tool_chain/gcc-arm-none-eabi-10.3-2021.10-win32/gcc-arm-none-eabi-10.3-2021.10/bin/../lib/gcc/arm-none-eabi/10.3.1/../../../../arm-none-eabi/lib/thumb/v7-m/nofp\libg.a(lib_a-vfiprintf.o)
                0x0800a2a8                __sprint_r
 .text._vfiprintf_r
                0x0800a2bc      0xd98 d:/tool_chain/gcc-arm-none-eabi-10.3-2021.10-win32/gcc-arm-none-eabi-10.3-2021.10/bin/../lib/gcc/arm-none-eabi/10.3.1/../../../../arm-none-eabi/lib/thumb/v7-m/nofp\libg.a(lib_a-vfiprintf.o)
                0x0800a2bc                _vfiprintf_r
 .text.__sbprintf
                0x0800b054       0x84 d:/tool_chain/gcc-arm-none-eabi-10.3-2021.10-win32/gcc-arm-none-eabi-10.3-2021.10/bin/../lib/gcc/arm-none-eabi/10.3.1/../../../../arm-none-eabi/lib/thumb/v7-m/nofp\libg.a(lib_a-vfiprintf.o)
 .text._write_r
                0x0800b0d8       0x2c d:/tool_chain/gcc-arm-none-eabi-10.3-2021.10-win32/gcc-arm-none-eabi-10.3-2021.10/bin/../lib/gcc/arm-none-eabi/10.3.1/../../../../arm-none-eabi/lib/thumb/v7-m/nofp\libg.a(lib_a-writer.o)
                0x0800b0d8                _write_r
 .text.__register_exitproc
                0x0800b104       0x8c d:/tool_chain/gcc-arm-none-eabi-10.3-2021.10-win32/gcc-arm-none-eabi-10.3-2021.10/bin/../lib/gcc/arm-none-eabi/10.3.1/../../../../arm-none-eabi/lib/thumb/v7-m/nofp\libg.a(lib_a-__atexit.o)
                0x0800b104                __register_exitproc
 .text.__assert_func
                0x0800b190       0x40 d:/tool_chain/gcc-arm-none-eabi-10.3-2021.10-win32/gcc-arm-none-eabi-10.3-2021.10/bin/../lib/gcc/arm-none-eabi/10.3.1/../../../../arm-none-eabi/lib/thumb/v7-m/nofp\libg.a(lib_a-assert.o)
                0x0800b190                __assert_func
 .text._calloc_r
                0x0800b1d0       0x78 d:/tool_chain/gcc-arm-none-eabi-10.3-2021.10-win32/gcc-arm-none-eabi-10.3-2021.10/bin/../lib/gcc/arm-none-eabi/10.3.1/../../../../arm-none-eabi/lib/thumb/v7-m/nofp\libg.a(lib_a-callocr.o)
                0x0800b1d0                _calloc_r
 .text._close_r
                0x0800b248       0x24 d:/tool_chain/gcc-arm-none-eabi-10.3-2021.10-win32/gcc-arm-none-eabi-10.3-2021.10/bin/../lib/gcc/arm-none-eabi/10.3.1/../../../../arm-none-eabi/lib/thumb/v7-m/nofp\libg.a(lib_a-closer.o)
                0x0800b248                _close_r
 .text._fclose_r
                0x0800b26c       0xcc d:/tool_chain/gcc-arm-none-eabi-10.3-2021.10-win32/gcc-arm-none-eabi-10.3-2021.10/bin/../lib/gcc/arm-none-eabi/10.3.1/../../../../arm-none-eabi/lib/thumb/v7-m/nofp\libg.a(lib_a-fclose.o)
                0x0800b26c                _fclose_r
 .text.fiprintf
                0x0800b338       0x28 d:/tool_chain/gcc-arm-none-eabi-10.3-2021.10-win32/gcc-arm-none-eabi-10.3-2021.10/bin/../lib/gcc/arm-none-eabi/10.3.1/../../../../arm-none-eabi/lib/thumb/v7-m/nofp\libg.a(lib_a-fiprintf.o)
                0x0800b338                fiprintf
 .text.__fputwc
                0x0800b360       0xa0 d:/tool_chain/gcc-arm-none-eabi-10.3-2021.10-win32/gcc-arm-none-eabi-10.3-2021.10/bin/../lib/gcc/arm-none-eabi/10.3.1/../../../../arm-none-eabi/lib/thumb/v7-m/nofp\libg.a(lib_a-fputwc.o)
                0x0800b360                __fputwc
 .text._fputwc_r
                0x0800b400       0x68 d:/tool_chain/gcc-arm-none-eabi-10.3-2021.10-win32/gcc-arm-none-eabi-10.3-2021.10/bin/../lib/gcc/arm-none-eabi/10.3.1/../../../../arm-none-eabi/lib/thumb/v7-m/nofp\libg.a(lib_a-fputwc.o)
                0x0800b400                _fputwc_r
 .text._fstat_r
                0x0800b468       0x28 d:/tool_chain/gcc-arm-none-eabi-10.3-2021.10-win32/gcc-arm-none-eabi-10.3-2021.10/bin/../lib/gcc/arm-none-eabi/10.3.1/../../../../arm-none-eabi/lib/thumb/v7-m/nofp\libg.a(lib_a-fstatr.o)
                0x0800b468                _fstat_r
 .text._isatty_r
                0x0800b490       0x24 d:/tool_chain/gcc-arm-none-eabi-10.3-2021.10-win32/gcc-arm-none-eabi-10.3-2021.10/bin/../lib/gcc/arm-none-eabi/10.3.1/../../../../arm-none-eabi/lib/thumb/v7-m/nofp\libg.a(lib_a-isattyr.o)
                0x0800b490                _isatty_r
 .text.__locale_mb_cur_max
                0x0800b4b4        0xc d:/tool_chain/gcc-arm-none-eabi-10.3-2021.10-win32/gcc-arm-none-eabi-10.3-2021.10/bin/../lib/gcc/arm-none-eabi/10.3.1/../../../../arm-none-eabi/lib/thumb/v7-m/nofp\libg.a(lib_a-locale.o)
                0x0800b4b4                __locale_mb_cur_max
 .text._lseek_r
                0x0800b4c0       0x2c d:/tool_chain/gcc-arm-none-eabi-10.3-2021.10-win32/gcc-arm-none-eabi-10.3-2021.10/bin/../lib/gcc/arm-none-eabi/10.3.1/../../../../arm-none-eabi/lib/thumb/v7-m/nofp\libg.a(lib_a-lseekr.o)
                0x0800b4c0                _lseek_r
 .text.__ascii_mbtowc
                0x0800b4ec       0x2c d:/tool_chain/gcc-arm-none-eabi-10.3-2021.10-win32/gcc-arm-none-eabi-10.3-2021.10/bin/../lib/gcc/arm-none-eabi/10.3.1/../../../../arm-none-eabi/lib/thumb/v7-m/nofp\libg.a(lib_a-mbtowc_r.o)
                0x0800b4ec                __ascii_mbtowc
 .text._read_r  0x0800b518       0x2c d:/tool_chain/gcc-arm-none-eabi-10.3-2021.10-win32/gcc-arm-none-eabi-10.3-2021.10/bin/../lib/gcc/arm-none-eabi/10.3.1/../../../../arm-none-eabi/lib/thumb/v7-m/nofp\libg.a(lib_a-readr.o)
                0x0800b518                _read_r
 .text.__swbuf_r
                0x0800b544       0xb0 d:/tool_chain/gcc-arm-none-eabi-10.3-2021.10-win32/gcc-arm-none-eabi-10.3-2021.10/bin/../lib/gcc/arm-none-eabi/10.3.1/../../../../arm-none-eabi/lib/thumb/v7-m/nofp\libg.a(lib_a-wbuf.o)
                0x0800b544                __swbuf_r
 .text._wcrtomb_r
                0x0800b5f4       0x3c d:/tool_chain/gcc-arm-none-eabi-10.3-2021.10-win32/gcc-arm-none-eabi-10.3-2021.10/bin/../lib/gcc/arm-none-eabi/10.3.1/../../../../arm-none-eabi/lib/thumb/v7-m/nofp\libg.a(lib_a-wcrtomb.o)
                0x0800b5f4                _wcrtomb_r
 .text.__ascii_wctomb
                0x0800b630       0x1c d:/tool_chain/gcc-arm-none-eabi-10.3-2021.10-win32/gcc-arm-none-eabi-10.3-2021.10/bin/../lib/gcc/arm-none-eabi/10.3.1/../../../../arm-none-eabi/lib/thumb/v7-m/nofp\libg.a(lib_a-wctomb_r.o)
                0x0800b630                __ascii_wctomb
 .text.abort    0x0800b64c       0x10 d:/tool_chain/gcc-arm-none-eabi-10.3-2021.10-win32/gcc-arm-none-eabi-10.3-2021.10/bin/../lib/gcc/arm-none-eabi/10.3.1/../../../../arm-none-eabi/lib/thumb/v7-m/nofp\libg.a(lib_a-abort.o)
                0x0800b64c                abort
 .text.raise    0x0800b65c       0x5c d:/tool_chain/gcc-arm-none-eabi-10.3-2021.10-win32/gcc-arm-none-eabi-10.3-2021.10/bin/../lib/gcc/arm-none-eabi/10.3.1/../../../../arm-none-eabi/lib/thumb/v7-m/nofp\libg.a(lib_a-signal.o)
                0x0800b65c                raise
 .text._kill_r  0x0800b6b8       0x28 d:/tool_chain/gcc-arm-none-eabi-10.3-2021.10-win32/gcc-arm-none-eabi-10.3-2021.10/bin/../lib/gcc/arm-none-eabi/10.3.1/../../../../arm-none-eabi/lib/thumb/v7-m/nofp\libg.a(lib_a-signalr.o)
                0x0800b6b8                _kill_r
 .text._getpid_r
                0x0800b6e0        0x4 d:/tool_chain/gcc-arm-none-eabi-10.3-2021.10-win32/gcc-arm-none-eabi-10.3-2021.10/bin/../lib/gcc/arm-none-eabi/10.3.1/../../../../arm-none-eabi/lib/thumb/v7-m/nofp\libg.a(lib_a-signalr.o)
                0x0800b6e0                _getpid_r
 *(.glue_7)
 .glue_7        0x0800b6e4        0x0 linker stubs
 *(.glue_7t)
 .glue_7t       0x0800b6e4        0x0 linker stubs
 *(.eh_frame)
 .eh_frame      0x0800b6e4        0x0 d:/tool_chain/gcc-arm-none-eabi-10.3-2021.10-win32/gcc-arm-none-eabi-10.3-2021.10/bin/../lib/gcc/arm-none-eabi/10.3.1/thumb/v7-m/nofp/crtbegin.o
 *(.init)
 .init          0x0800b6e4        0x4 d:/tool_chain/gcc-arm-none-eabi-10.3-2021.10-win32/gcc-arm-none-eabi-10.3-2021.10/bin/../lib/gcc/arm-none-eabi/10.3.1/thumb/v7-m/nofp/crti.o
                0x0800b6e4                _init
 .init          0x0800b6e8        0x8 d:/tool_chain/gcc-arm-none-eabi-10.3-2021.10-win32/gcc-arm-none-eabi-10.3-2021.10/bin/../lib/gcc/arm-none-eabi/10.3.1/thumb/v7-m/nofp/crtn.o
 *(.fini)
 .fini          0x0800b6f0        0x4 d:/tool_chain/gcc-arm-none-eabi-10.3-2021.10-win32/gcc-arm-none-eabi-10.3-2021.10/bin/../lib/gcc/arm-none-eabi/10.3.1/thumb/v7-m/nofp/crti.o
                0x0800b6f0                _fini
 .fini          0x0800b6f4        0x8 d:/tool_chain/gcc-arm-none-eabi-10.3-2021.10-win32/gcc-arm-none-eabi-10.3-2021.10/bin/../lib/gcc/arm-none-eabi/10.3.1/thumb/v7-m/nofp/crtn.o
                0x0800b6fc                . = ALIGN (0x4)
                0x0800b6fc                _etext = .

.vfp11_veneer   0x0800b6fc        0x0
 .vfp11_veneer  0x0800b6fc        0x0 linker stubs

.v4_bx          0x0800b6fc        0x0
 .v4_bx         0x0800b6fc        0x0 linker stubs

.iplt           0x0800b6fc        0x0
 .iplt          0x0800b6fc        0x0 d:/tool_chain/gcc-arm-none-eabi-10.3-2021.10-win32/gcc-arm-none-eabi-10.3-2021.10/bin/../lib/gcc/arm-none-eabi/10.3.1/thumb/v7-m/nofp/crtbegin.o

.rodata         0x0800b700      0x640
                0x0800b700                . = ALIGN (0x4)
 *(.rodata)
 *(.rodata*)
 .rodata.AHBPrescTable
                0x0800b700       0x10 CMakeFiles/PressureSensorArray.elf.dir/Core/Src/system_stm32f1xx.c.obj
                0x0800b700                AHBPrescTable
 .rodata.APBPrescTable
                0x0800b710        0x8 CMakeFiles/PressureSensorArray.elf.dir/Core/Src/system_stm32f1xx.c.obj
                0x0800b710                APBPrescTable
 .rodata.aPLLMULFactorTable.1
                0x0800b718       0x10 CMakeFiles/PressureSensorArray.elf.dir/Drivers/STM32F1xx_HAL_Driver/Src/stm32f1xx_hal_rcc.c.obj
 .rodata.aPredivFactorTable.0
                0x0800b728        0x2 CMakeFiles/PressureSensorArray.elf.dir/Drivers/STM32F1xx_HAL_Driver/Src/stm32f1xx_hal_rcc.c.obj
 *fill*         0x0800b72a        0x2 
 .rodata.AdcSwitchGpioInit.str1.4
                0x0800b72c        0xe CMakeFiles/PressureSensorArray.elf.dir/HardWare/UserSrc/adc_stm32.c.obj
 *fill*         0x0800b73a        0x2 
 .rodata.PrintDataArray.str1.4
                0x0800b73c        0xc CMakeFiles/PressureSensorArray.elf.dir/HardWare/UserSrc/adc_stm32.c.obj
                                  0xe (size before relaxing)
 .rodata.SwitchAdcRowNumber.str1.4
                0x0800b748       0x2d CMakeFiles/PressureSensorArray.elf.dir/HardWare/UserSrc/adc_stm32.c.obj
 *fill*         0x0800b775        0x3 
 .rodata.SwitchChannel.str1.4
                0x0800b778       0x1d CMakeFiles/PressureSensorArray.elf.dir/HardWare/UserSrc/adc_stm32.c.obj
 *fill*         0x0800b795        0x3 
 .rodata.Esp8266SetUdp.str1.4
                0x0800b798       0x76 CMakeFiles/PressureSensorArray.elf.dir/HardWare/UserSrc/esp8266.c.obj
 *fill*         0x0800b80e        0x2 
 .rodata.Esp8266Init.str1.4
                0x0800b810       0xe1 CMakeFiles/PressureSensorArray.elf.dir/HardWare/UserSrc/esp8266.c.obj
 *fill*         0x0800b8f1        0x3 
 .rodata.Esp32SendArray.str1.4
                0x0800b8f4       0x2f CMakeFiles/PressureSensorArray.elf.dir/HardWare/UserSrc/esp8266.c.obj
                                 0x36 (size before relaxing)
 *fill*         0x0800b923        0x1 
 .rodata._global_impure_ptr
                0x0800b924        0x4 d:/tool_chain/gcc-arm-none-eabi-10.3-2021.10-win32/gcc-arm-none-eabi-10.3-2021.10/bin/../lib/gcc/arm-none-eabi/10.3.1/../../../../arm-none-eabi/lib/thumb/v7-m/nofp\libg.a(lib_a-impure.o)
                0x0800b924                _global_impure_ptr
 .rodata._puts_r.str1.4
                0x0800b928       0x2f d:/tool_chain/gcc-arm-none-eabi-10.3-2021.10-win32/gcc-arm-none-eabi-10.3-2021.10/bin/../lib/gcc/arm-none-eabi/10.3.1/../../../../arm-none-eabi/lib/thumb/v7-m/nofp\libg.a(lib_a-puts.o)
                                  0x2 (size before relaxing)
 .rodata._svfprintf_r.str1.4
                0x0800b928       0x42 d:/tool_chain/gcc-arm-none-eabi-10.3-2021.10-win32/gcc-arm-none-eabi-10.3-2021.10/bin/../lib/gcc/arm-none-eabi/10.3.1/../../../../arm-none-eabi/lib/thumb/v7-m/nofp\libg.a(lib_a-svfprintf.o)
 *fill*         0x0800b96a        0x2 
 .rodata.blanks.1
                0x0800b96c       0x10 d:/tool_chain/gcc-arm-none-eabi-10.3-2021.10-win32/gcc-arm-none-eabi-10.3-2021.10/bin/../lib/gcc/arm-none-eabi/10.3.1/../../../../arm-none-eabi/lib/thumb/v7-m/nofp\libg.a(lib_a-svfprintf.o)
 .rodata.zeroes.0
                0x0800b97c       0x10 d:/tool_chain/gcc-arm-none-eabi-10.3-2021.10-win32/gcc-arm-none-eabi-10.3-2021.10/bin/../lib/gcc/arm-none-eabi/10.3.1/../../../../arm-none-eabi/lib/thumb/v7-m/nofp\libg.a(lib_a-svfprintf.o)
 .rodata._vfprintf_r.str1.4
                0x0800b98c       0x42 d:/tool_chain/gcc-arm-none-eabi-10.3-2021.10-win32/gcc-arm-none-eabi-10.3-2021.10/bin/../lib/gcc/arm-none-eabi/10.3.1/../../../../arm-none-eabi/lib/thumb/v7-m/nofp\libg.a(lib_a-vfprintf.o)
 .rodata.blanks.1
                0x0800b98c       0x10 d:/tool_chain/gcc-arm-none-eabi-10.3-2021.10-win32/gcc-arm-none-eabi-10.3-2021.10/bin/../lib/gcc/arm-none-eabi/10.3.1/../../../../arm-none-eabi/lib/thumb/v7-m/nofp\libg.a(lib_a-vfprintf.o)
 .rodata.zeroes.0
                0x0800b99c       0x10 d:/tool_chain/gcc-arm-none-eabi-10.3-2021.10-win32/gcc-arm-none-eabi-10.3-2021.10/bin/../lib/gcc/arm-none-eabi/10.3.1/../../../../arm-none-eabi/lib/thumb/v7-m/nofp\libg.a(lib_a-vfprintf.o)
 .rodata._dtoa_r.str1.4
                0x0800b9ac       0xa2 d:/tool_chain/gcc-arm-none-eabi-10.3-2021.10-win32/gcc-arm-none-eabi-10.3-2021.10/bin/../lib/gcc/arm-none-eabi/10.3.1/../../../../arm-none-eabi/lib/thumb/v7-m/nofp\libg.a(lib_a-dtoa.o)
                                 0xa6 (size before relaxing)
 *fill*         0x0800ba4e        0x2 
 .rodata.__multadd.str1.4
                0x0800ba50       0x7f d:/tool_chain/gcc-arm-none-eabi-10.3-2021.10-win32/gcc-arm-none-eabi-10.3-2021.10/bin/../lib/gcc/arm-none-eabi/10.3.1/../../../../arm-none-eabi/lib/thumb/v7-m/nofp\libg.a(lib_a-mprec.o)
                                 0x93 (size before relaxing)
 *fill*         0x0800bacf        0x1 
 .rodata.__mprec_bigtens
                0x0800bad0       0x28 d:/tool_chain/gcc-arm-none-eabi-10.3-2021.10-win32/gcc-arm-none-eabi-10.3-2021.10/bin/../lib/gcc/arm-none-eabi/10.3.1/../../../../arm-none-eabi/lib/thumb/v7-m/nofp\libg.a(lib_a-mprec.o)
                0x0800bad0                __mprec_bigtens
 .rodata.__mprec_tens
                0x0800baf8       0xc8 d:/tool_chain/gcc-arm-none-eabi-10.3-2021.10-win32/gcc-arm-none-eabi-10.3-2021.10/bin/../lib/gcc/arm-none-eabi/10.3.1/../../../../arm-none-eabi/lib/thumb/v7-m/nofp\libg.a(lib_a-mprec.o)
                0x0800baf8                __mprec_tens
 .rodata.p05.0  0x0800bbc0        0xc d:/tool_chain/gcc-arm-none-eabi-10.3-2021.10-win32/gcc-arm-none-eabi-10.3-2021.10/bin/../lib/gcc/arm-none-eabi/10.3.1/../../../../arm-none-eabi/lib/thumb/v7-m/nofp\libg.a(lib_a-mprec.o)
 .rodata._vfiprintf_r.str1.4
                0x0800bbcc       0x2f d:/tool_chain/gcc-arm-none-eabi-10.3-2021.10-win32/gcc-arm-none-eabi-10.3-2021.10/bin/../lib/gcc/arm-none-eabi/10.3.1/../../../../arm-none-eabi/lib/thumb/v7-m/nofp\libg.a(lib_a-vfiprintf.o)
 .rodata.blanks.1
                0x0800bbcc       0x10 d:/tool_chain/gcc-arm-none-eabi-10.3-2021.10-win32/gcc-arm-none-eabi-10.3-2021.10/bin/../lib/gcc/arm-none-eabi/10.3.1/../../../../arm-none-eabi/lib/thumb/v7-m/nofp\libg.a(lib_a-vfiprintf.o)
 .rodata.zeroes.0
                0x0800bbdc       0x10 d:/tool_chain/gcc-arm-none-eabi-10.3-2021.10-win32/gcc-arm-none-eabi-10.3-2021.10/bin/../lib/gcc/arm-none-eabi/10.3.1/../../../../arm-none-eabi/lib/thumb/v7-m/nofp\libg.a(lib_a-vfiprintf.o)
 .rodata.__assert_func.str1.4
                0x0800bbec       0x3f d:/tool_chain/gcc-arm-none-eabi-10.3-2021.10-win32/gcc-arm-none-eabi-10.3-2021.10/bin/../lib/gcc/arm-none-eabi/10.3.1/../../../../arm-none-eabi/lib/thumb/v7-m/nofp\libg.a(lib_a-assert.o)
                                 0x43 (size before relaxing)
 *fill*         0x0800bc2b        0x1 
 .rodata._setlocale_r.str1.4
                0x0800bc2c        0xa d:/tool_chain/gcc-arm-none-eabi-10.3-2021.10-win32/gcc-arm-none-eabi-10.3-2021.10/bin/../lib/gcc/arm-none-eabi/10.3.1/../../../../arm-none-eabi/lib/thumb/v7-m/nofp\libg.a(lib_a-locale.o)
                                  0xd (size before relaxing)
 *fill*         0x0800bc36        0x2 
 .rodata.str1.4
                0x0800bc38        0x2 d:/tool_chain/gcc-arm-none-eabi-10.3-2021.10-win32/gcc-arm-none-eabi-10.3-2021.10/bin/../lib/gcc/arm-none-eabi/10.3.1/../../../../arm-none-eabi/lib/thumb/v7-m/nofp\libg.a(lib_a-locale.o)
 *fill*         0x0800bc3a        0x2 
 .rodata._ctype_
                0x0800bc3c      0x101 d:/tool_chain/gcc-arm-none-eabi-10.3-2021.10-win32/gcc-arm-none-eabi-10.3-2021.10/bin/../lib/gcc/arm-none-eabi/10.3.1/../../../../arm-none-eabi/lib/thumb/v7-m/nofp\libg.a(lib_a-ctype_.o)
                0x0800bc3c                _ctype_
                0x0800bd40                . = ALIGN (0x4)
 *fill*         0x0800bd3d        0x3 

.ARM.extab      0x0800bd40        0x0
                0x0800bd40                . = ALIGN (0x4)
 *(.ARM.extab* .gnu.linkonce.armextab.*)
                0x0800bd40                . = ALIGN (0x4)

.ARM            0x0800bd40        0x8
                0x0800bd40                . = ALIGN (0x4)
                0x0800bd40                __exidx_start = .
 *(.ARM.exidx*)
 .ARM.exidx     0x0800bd40        0x8 d:/tool_chain/gcc-arm-none-eabi-10.3-2021.10-win32/gcc-arm-none-eabi-10.3-2021.10/bin/../lib/gcc/arm-none-eabi/10.3.1/thumb/v7-m/nofp\libgcc.a(_udivmoddi4.o)
                0x0800bd48                __exidx_end = .
                0x0800bd48                . = ALIGN (0x4)

.rel.dyn        0x0800bd48        0x0
 .rel.iplt      0x0800bd48        0x0 d:/tool_chain/gcc-arm-none-eabi-10.3-2021.10-win32/gcc-arm-none-eabi-10.3-2021.10/bin/../lib/gcc/arm-none-eabi/10.3.1/thumb/v7-m/nofp/crtbegin.o

.preinit_array  0x0800bd48        0x0
                0x0800bd48                . = ALIGN (0x4)
                0x0800bd48                PROVIDE (__preinit_array_start = .)
 *(.preinit_array*)
                0x0800bd48                PROVIDE (__preinit_array_end = .)
                0x0800bd48                . = ALIGN (0x4)

.init_array     0x0800bd48        0x8
                0x0800bd48                . = ALIGN (0x4)
                0x0800bd48                PROVIDE (__init_array_start = .)
 *(SORT_BY_NAME(.init_array.*))
 .init_array.00000
                0x0800bd48        0x4 d:/tool_chain/gcc-arm-none-eabi-10.3-2021.10-win32/gcc-arm-none-eabi-10.3-2021.10/bin/../lib/gcc/arm-none-eabi/10.3.1/../../../../arm-none-eabi/lib/thumb/v7-m/nofp\libg.a(lib_a-__call_atexit.o)
 *(.init_array*)
 .init_array    0x0800bd4c        0x4 d:/tool_chain/gcc-arm-none-eabi-10.3-2021.10-win32/gcc-arm-none-eabi-10.3-2021.10/bin/../lib/gcc/arm-none-eabi/10.3.1/thumb/v7-m/nofp/crtbegin.o
                0x0800bd50                PROVIDE (__init_array_end = .)
                0x0800bd50                . = ALIGN (0x4)

.fini_array     0x0800bd50        0x4
                0x0800bd50                . = ALIGN (0x4)
                0x0800bd50                PROVIDE (__fini_array_start = .)
 *(SORT_BY_NAME(.fini_array.*))
 *(.fini_array*)
 .fini_array    0x0800bd50        0x4 d:/tool_chain/gcc-arm-none-eabi-10.3-2021.10-win32/gcc-arm-none-eabi-10.3-2021.10/bin/../lib/gcc/arm-none-eabi/10.3.1/thumb/v7-m/nofp/crtbegin.o
                0x0800bd54                PROVIDE (__fini_array_end = .)
                0x0800bd54                . = ALIGN (0x4)
                0x0800bd54                _sidata = LOADADDR (.data)

.data           0x20000000      0x9b8 load address 0x0800bd54
                0x20000000                . = ALIGN (0x4)
                0x20000000                _sdata = .
 *(.data)
 *(.data*)
 .data.SystemCoreClock
                0x20000000        0x4 CMakeFiles/PressureSensorArray.elf.dir/Core/Src/system_stm32f1xx.c.obj
                0x20000000                SystemCoreClock
 .data.uwTickFreq
                0x20000004        0x1 CMakeFiles/PressureSensorArray.elf.dir/Drivers/STM32F1xx_HAL_Driver/Src/stm32f1xx_hal.c.obj
                0x20000004                uwTickFreq
 *fill*         0x20000005        0x3 
 .data.uwTickPrio
                0x20000008        0x4 CMakeFiles/PressureSensorArray.elf.dir/Drivers/STM32F1xx_HAL_Driver/Src/stm32f1xx_hal.c.obj
                0x20000008                uwTickPrio
 .data._impure_ptr
                0x2000000c        0x4 d:/tool_chain/gcc-arm-none-eabi-10.3-2021.10-win32/gcc-arm-none-eabi-10.3-2021.10/bin/../lib/gcc/arm-none-eabi/10.3.1/../../../../arm-none-eabi/lib/thumb/v7-m/nofp\libg.a(lib_a-impure.o)
                0x2000000c                _impure_ptr
 .data.impure_data
                0x20000010      0x428 d:/tool_chain/gcc-arm-none-eabi-10.3-2021.10-win32/gcc-arm-none-eabi-10.3-2021.10/bin/../lib/gcc/arm-none-eabi/10.3.1/../../../../arm-none-eabi/lib/thumb/v7-m/nofp\libg.a(lib_a-impure.o)
 .data.__atexit_recursive_mutex
                0x20000438        0x4 d:/tool_chain/gcc-arm-none-eabi-10.3-2021.10-win32/gcc-arm-none-eabi-10.3-2021.10/bin/../lib/gcc/arm-none-eabi/10.3.1/../../../../arm-none-eabi/lib/thumb/v7-m/nofp\libg.a(lib_a-__call_atexit.o)
                0x20000438                __atexit_recursive_mutex
 .data.__malloc_av_
                0x2000043c      0x408 d:/tool_chain/gcc-arm-none-eabi-10.3-2021.10-win32/gcc-arm-none-eabi-10.3-2021.10/bin/../lib/gcc/arm-none-eabi/10.3.1/../../../../arm-none-eabi/lib/thumb/v7-m/nofp\libg.a(lib_a-mallocr.o)
                0x2000043c                __malloc_av_
 .data.__malloc_sbrk_base
                0x20000844        0x4 d:/tool_chain/gcc-arm-none-eabi-10.3-2021.10-win32/gcc-arm-none-eabi-10.3-2021.10/bin/../lib/gcc/arm-none-eabi/10.3.1/../../../../arm-none-eabi/lib/thumb/v7-m/nofp\libg.a(lib_a-mallocr.o)
                0x20000844                __malloc_sbrk_base
 .data.__malloc_trim_threshold
                0x20000848        0x4 d:/tool_chain/gcc-arm-none-eabi-10.3-2021.10-win32/gcc-arm-none-eabi-10.3-2021.10/bin/../lib/gcc/arm-none-eabi/10.3.1/../../../../arm-none-eabi/lib/thumb/v7-m/nofp\libg.a(lib_a-mallocr.o)
                0x20000848                __malloc_trim_threshold
 .data.__global_locale
                0x2000084c      0x16c d:/tool_chain/gcc-arm-none-eabi-10.3-2021.10-win32/gcc-arm-none-eabi-10.3-2021.10/bin/../lib/gcc/arm-none-eabi/10.3.1/../../../../arm-none-eabi/lib/thumb/v7-m/nofp\libg.a(lib_a-locale.o)
                0x2000084c                __global_locale
 *(.RamFunc)
 *(.RamFunc*)
                0x200009b8                . = ALIGN (0x4)
                0x200009b8                _edata = .

.igot.plt       0x200009b8        0x0 load address 0x0800c70c
 .igot.plt      0x200009b8        0x0 d:/tool_chain/gcc-arm-none-eabi-10.3-2021.10-win32/gcc-arm-none-eabi-10.3-2021.10/bin/../lib/gcc/arm-none-eabi/10.3.1/thumb/v7-m/nofp/crtbegin.o
                0x200009b8                . = ALIGN (0x4)

.bss            0x200009b8     0x1a10 load address 0x0800c70c
                0x200009b8                _sbss = .
                0x200009b8                __bss_start__ = _sbss
 *(.bss)
 .bss           0x200009b8       0x1c d:/tool_chain/gcc-arm-none-eabi-10.3-2021.10-win32/gcc-arm-none-eabi-10.3-2021.10/bin/../lib/gcc/arm-none-eabi/10.3.1/thumb/v7-m/nofp/crtbegin.o
 *(.bss*)
 .bss.adc_channel
                0x200009d4       0x40 CMakeFiles/PressureSensorArray.elf.dir/Core/Src/main.c.obj
                0x200009d4                adc_channel
 .bss.adc_stm32
                0x20000a14       0x34 CMakeFiles/PressureSensorArray.elf.dir/Core/Src/main.c.obj
                0x20000a14                adc_stm32
 .bss.hadc1     0x20000a48       0x30 CMakeFiles/PressureSensorArray.elf.dir/Core/Src/main.c.obj
                0x20000a48                hadc1
 .bss.hdma_usart1_rx
                0x20000a78       0x44 CMakeFiles/PressureSensorArray.elf.dir/Core/Src/main.c.obj
                0x20000a78                hdma_usart1_rx
 .bss.hdma_usart1_tx
                0x20000abc       0x44 CMakeFiles/PressureSensorArray.elf.dir/Core/Src/main.c.obj
                0x20000abc                hdma_usart1_tx
 .bss.hdma_usart2_rx
                0x20000b00       0x44 CMakeFiles/PressureSensorArray.elf.dir/Core/Src/main.c.obj
                0x20000b00                hdma_usart2_rx
 .bss.hdma_usart2_tx
                0x20000b44       0x44 CMakeFiles/PressureSensorArray.elf.dir/Core/Src/main.c.obj
                0x20000b44                hdma_usart2_tx
 .bss.huart1    0x20000b88       0x48 CMakeFiles/PressureSensorArray.elf.dir/Core/Src/main.c.obj
                0x20000b88                huart1
 .bss.huart2    0x20000bd0       0x48 CMakeFiles/PressureSensorArray.elf.dir/Core/Src/main.c.obj
                0x20000bd0                huart2
 .bss.row_channel
                0x20000c18       0x40 CMakeFiles/PressureSensorArray.elf.dir/Core/Src/main.c.obj
                0x20000c18                row_channel
 .bss.__sbrk_heap_end
                0x20000c58        0x4 CMakeFiles/PressureSensorArray.elf.dir/Core/Src/sysmem.c.obj
 .bss.uwTick    0x20000c5c        0x4 CMakeFiles/PressureSensorArray.elf.dir/Drivers/STM32F1xx_HAL_Driver/Src/stm32f1xx_hal.c.obj
                0x20000c5c                uwTick
 .bss.adc_channel_number
                0x20000c60        0x1 CMakeFiles/PressureSensorArray.elf.dir/HardWare/UserSrc/adc_stm32.c.obj
 .bss.adc_flag  0x20000c61        0x1 CMakeFiles/PressureSensorArray.elf.dir/HardWare/UserSrc/adc_stm32.c.obj
 *fill*         0x20000c62        0x2 
 .bss.array_value
                0x20000c64      0x320 CMakeFiles/PressureSensorArray.elf.dir/HardWare/UserSrc/adc_stm32.c.obj
 .bss.row_channel_number
                0x20000f84        0x1 CMakeFiles/PressureSensorArray.elf.dir/HardWare/UserSrc/adc_stm32.c.obj
 *fill*         0x20000f85        0x3 
 .bss.buffer.0  0x20000f88      0x7f8 CMakeFiles/PressureSensorArray.elf.dir/HardWare/UserSrc/esp8266.c.obj
 .bss.data      0x20001780      0x800 CMakeFiles/PressureSensorArray.elf.dir/HardWare/UserSrc/esp8266.c.obj
 .bss.esp8266_receive_buffer
                0x20001f80      0x400 CMakeFiles/PressureSensorArray.elf.dir/HardWare/UserSrc/esp8266.c.obj
 .bss.__lock___atexit_recursive_mutex
                0x20002380        0x1 d:/tool_chain/gcc-arm-none-eabi-10.3-2021.10-win32/gcc-arm-none-eabi-10.3-2021.10/bin/../lib/gcc/arm-none-eabi/10.3.1/../../../../arm-none-eabi/lib/thumb/v7-m/nofp\libg.a(lib_a-lock.o)
                0x20002380                __lock___atexit_recursive_mutex
 *fill*         0x20002381        0x3 
 .bss.__lock___malloc_recursive_mutex
                0x20002384        0x1 d:/tool_chain/gcc-arm-none-eabi-10.3-2021.10-win32/gcc-arm-none-eabi-10.3-2021.10/bin/../lib/gcc/arm-none-eabi/10.3.1/../../../../arm-none-eabi/lib/thumb/v7-m/nofp\libg.a(lib_a-lock.o)
                0x20002384                __lock___malloc_recursive_mutex
 *fill*         0x20002385        0x3 
 .bss.__lock___sfp_recursive_mutex
                0x20002388        0x1 d:/tool_chain/gcc-arm-none-eabi-10.3-2021.10-win32/gcc-arm-none-eabi-10.3-2021.10/bin/../lib/gcc/arm-none-eabi/10.3.1/../../../../arm-none-eabi/lib/thumb/v7-m/nofp\libg.a(lib_a-lock.o)
                0x20002388                __lock___sfp_recursive_mutex
 *fill*         0x20002389        0x3 
 .bss.__lock___sinit_recursive_mutex
                0x2000238c        0x1 d:/tool_chain/gcc-arm-none-eabi-10.3-2021.10-win32/gcc-arm-none-eabi-10.3-2021.10/bin/../lib/gcc/arm-none-eabi/10.3.1/../../../../arm-none-eabi/lib/thumb/v7-m/nofp\libg.a(lib_a-lock.o)
                0x2000238c                __lock___sinit_recursive_mutex
 *fill*         0x2000238d        0x3 
 .bss.__malloc_current_mallinfo
                0x20002390       0x28 d:/tool_chain/gcc-arm-none-eabi-10.3-2021.10-win32/gcc-arm-none-eabi-10.3-2021.10/bin/../lib/gcc/arm-none-eabi/10.3.1/../../../../arm-none-eabi/lib/thumb/v7-m/nofp\libg.a(lib_a-mallocr.o)
                0x20002390                __malloc_current_mallinfo
 .bss.__malloc_max_sbrked_mem
                0x200023b8        0x4 d:/tool_chain/gcc-arm-none-eabi-10.3-2021.10-win32/gcc-arm-none-eabi-10.3-2021.10/bin/../lib/gcc/arm-none-eabi/10.3.1/../../../../arm-none-eabi/lib/thumb/v7-m/nofp\libg.a(lib_a-mallocr.o)
                0x200023b8                __malloc_max_sbrked_mem
 .bss.__malloc_max_total_mem
                0x200023bc        0x4 d:/tool_chain/gcc-arm-none-eabi-10.3-2021.10-win32/gcc-arm-none-eabi-10.3-2021.10/bin/../lib/gcc/arm-none-eabi/10.3.1/../../../../arm-none-eabi/lib/thumb/v7-m/nofp\libg.a(lib_a-mallocr.o)
                0x200023bc                __malloc_max_total_mem
 .bss.__malloc_top_pad
                0x200023c0        0x4 d:/tool_chain/gcc-arm-none-eabi-10.3-2021.10-win32/gcc-arm-none-eabi-10.3-2021.10/bin/../lib/gcc/arm-none-eabi/10.3.1/../../../../arm-none-eabi/lib/thumb/v7-m/nofp\libg.a(lib_a-mallocr.o)
                0x200023c0                __malloc_top_pad
 .bss.errno     0x200023c4        0x4 d:/tool_chain/gcc-arm-none-eabi-10.3-2021.10-win32/gcc-arm-none-eabi-10.3-2021.10/bin/../lib/gcc/arm-none-eabi/10.3.1/../../../../arm-none-eabi/lib/thumb/v7-m/nofp\libg.a(lib_a-reent.o)
                0x200023c4                errno
 *(COMMON)
                0x200023c8                . = ALIGN (0x4)
                0x200023c8                _ebss = .
                0x200023c8                __bss_end__ = _ebss

._user_heap_stack
                0x200023c8      0x600 load address 0x0800c70c
                0x200023c8                . = ALIGN (0x8)
                [!provide]                PROVIDE (end = .)
                0x200023c8                PROVIDE (_end = .)
                0x200025c8                . = (. + _Min_Heap_Size)
 *fill*         0x200023c8      0x200 
                0x200029c8                . = (. + _Min_Stack_Size)
 *fill*         0x200025c8      0x400 
                0x200029c8                . = ALIGN (0x8)

/DISCARD/
 libc.a(*)
 libm.a(*)
 libgcc.a(*)

.ARM.attributes
                0x00000000       0x29
 *(.ARM.attributes)
 .ARM.attributes
                0x00000000       0x1d d:/tool_chain/gcc-arm-none-eabi-10.3-2021.10-win32/gcc-arm-none-eabi-10.3-2021.10/bin/../lib/gcc/arm-none-eabi/10.3.1/thumb/v7-m/nofp/crti.o
 .ARM.attributes
                0x0000001d       0x2d d:/tool_chain/gcc-arm-none-eabi-10.3-2021.10-win32/gcc-arm-none-eabi-10.3-2021.10/bin/../lib/gcc/arm-none-eabi/10.3.1/thumb/v7-m/nofp/crtbegin.o
 .ARM.attributes
                0x0000004a       0x2d CMakeFiles/PressureSensorArray.elf.dir/Core/Src/main.c.obj
 .ARM.attributes
                0x00000077       0x2d CMakeFiles/PressureSensorArray.elf.dir/Core/Src/stm32f1xx_hal_msp.c.obj
 .ARM.attributes
                0x000000a4       0x2d CMakeFiles/PressureSensorArray.elf.dir/Core/Src/stm32f1xx_it.c.obj
 .ARM.attributes
                0x000000d1       0x2d CMakeFiles/PressureSensorArray.elf.dir/Core/Src/syscalls.c.obj
 .ARM.attributes
                0x000000fe       0x2d CMakeFiles/PressureSensorArray.elf.dir/Core/Src/sysmem.c.obj
 .ARM.attributes
                0x0000012b       0x2d CMakeFiles/PressureSensorArray.elf.dir/Core/Src/system_stm32f1xx.c.obj
 .ARM.attributes
                0x00000158       0x21 CMakeFiles/PressureSensorArray.elf.dir/Core/Startup/startup_stm32f103c8tx.s.obj
 .ARM.attributes
                0x00000179       0x2d CMakeFiles/PressureSensorArray.elf.dir/Drivers/STM32F1xx_HAL_Driver/Src/stm32f1xx_hal.c.obj
 .ARM.attributes
                0x000001a6       0x2d CMakeFiles/PressureSensorArray.elf.dir/Drivers/STM32F1xx_HAL_Driver/Src/stm32f1xx_hal_adc.c.obj
 .ARM.attributes
                0x000001d3       0x2d CMakeFiles/PressureSensorArray.elf.dir/Drivers/STM32F1xx_HAL_Driver/Src/stm32f1xx_hal_adc_ex.c.obj
 .ARM.attributes
                0x00000200       0x2d CMakeFiles/PressureSensorArray.elf.dir/Drivers/STM32F1xx_HAL_Driver/Src/stm32f1xx_hal_cortex.c.obj
 .ARM.attributes
                0x0000022d       0x2d CMakeFiles/PressureSensorArray.elf.dir/Drivers/STM32F1xx_HAL_Driver/Src/stm32f1xx_hal_dma.c.obj
 .ARM.attributes
                0x0000025a       0x2d CMakeFiles/PressureSensorArray.elf.dir/Drivers/STM32F1xx_HAL_Driver/Src/stm32f1xx_hal_gpio.c.obj
 .ARM.attributes
                0x00000287       0x2d CMakeFiles/PressureSensorArray.elf.dir/Drivers/STM32F1xx_HAL_Driver/Src/stm32f1xx_hal_rcc.c.obj
 .ARM.attributes
                0x000002b4       0x2d CMakeFiles/PressureSensorArray.elf.dir/Drivers/STM32F1xx_HAL_Driver/Src/stm32f1xx_hal_rcc_ex.c.obj
 .ARM.attributes
                0x000002e1       0x2d CMakeFiles/PressureSensorArray.elf.dir/Drivers/STM32F1xx_HAL_Driver/Src/stm32f1xx_hal_uart.c.obj
 .ARM.attributes
                0x0000030e       0x2d CMakeFiles/PressureSensorArray.elf.dir/HardWare/UserSrc/adc_stm32.c.obj
 .ARM.attributes
                0x0000033b       0x2d CMakeFiles/PressureSensorArray.elf.dir/HardWare/UserSrc/esp8266.c.obj
 .ARM.attributes
                0x00000368       0x2d d:/tool_chain/gcc-arm-none-eabi-10.3-2021.10-win32/gcc-arm-none-eabi-10.3-2021.10/bin/../lib/gcc/arm-none-eabi/10.3.1/../../../../arm-none-eabi/lib/thumb/v7-m/nofp\libg.a(lib_a-errno.o)
 .ARM.attributes
                0x00000395       0x2d d:/tool_chain/gcc-arm-none-eabi-10.3-2021.10-win32/gcc-arm-none-eabi-10.3-2021.10/bin/../lib/gcc/arm-none-eabi/10.3.1/../../../../arm-none-eabi/lib/thumb/v7-m/nofp\libg.a(lib_a-impure.o)
 .ARM.attributes
                0x000003c2       0x2d d:/tool_chain/gcc-arm-none-eabi-10.3-2021.10-win32/gcc-arm-none-eabi-10.3-2021.10/bin/../lib/gcc/arm-none-eabi/10.3.1/../../../../arm-none-eabi/lib/thumb/v7-m/nofp\libg.a(lib_a-init.o)
 .ARM.attributes
                0x000003ef       0x2d d:/tool_chain/gcc-arm-none-eabi-10.3-2021.10-win32/gcc-arm-none-eabi-10.3-2021.10/bin/../lib/gcc/arm-none-eabi/10.3.1/../../../../arm-none-eabi/lib/thumb/v7-m/nofp\libg.a(lib_a-memset.o)
 .ARM.attributes
                0x0000041c       0x2d d:/tool_chain/gcc-arm-none-eabi-10.3-2021.10-win32/gcc-arm-none-eabi-10.3-2021.10/bin/../lib/gcc/arm-none-eabi/10.3.1/../../../../arm-none-eabi/lib/thumb/v7-m/nofp\libg.a(lib_a-printf.o)
 .ARM.attributes
                0x00000449       0x2d d:/tool_chain/gcc-arm-none-eabi-10.3-2021.10-win32/gcc-arm-none-eabi-10.3-2021.10/bin/../lib/gcc/arm-none-eabi/10.3.1/../../../../arm-none-eabi/lib/thumb/v7-m/nofp\libg.a(lib_a-puts.o)
 .ARM.attributes
                0x00000476       0x2d d:/tool_chain/gcc-arm-none-eabi-10.3-2021.10-win32/gcc-arm-none-eabi-10.3-2021.10/bin/../lib/gcc/arm-none-eabi/10.3.1/../../../../arm-none-eabi/lib/thumb/v7-m/nofp\libg.a(lib_a-sprintf.o)
 .ARM.attributes
                0x000004a3       0x2d d:/tool_chain/gcc-arm-none-eabi-10.3-2021.10-win32/gcc-arm-none-eabi-10.3-2021.10/bin/../lib/gcc/arm-none-eabi/10.3.1/../../../../arm-none-eabi/lib/thumb/v7-m/nofp\libg.a(lib_a-strcat.o)
 .ARM.attributes
                0x000004d0       0x2d d:/tool_chain/gcc-arm-none-eabi-10.3-2021.10-win32/gcc-arm-none-eabi-10.3-2021.10/bin/../lib/gcc/arm-none-eabi/10.3.1/../../../../arm-none-eabi/lib/thumb/v7-m/nofp\libg.a(lib_a-strcpy.o)
 .ARM.attributes
                0x000004fd       0x2d d:/tool_chain/gcc-arm-none-eabi-10.3-2021.10-win32/gcc-arm-none-eabi-10.3-2021.10/bin/../lib/gcc/arm-none-eabi/10.3.1/../../../../arm-none-eabi/lib/thumb/v7-m/nofp\libg.a(lib_a-strlen-stub.o)
 .ARM.attributes
                0x0000052a       0x2d d:/tool_chain/gcc-arm-none-eabi-10.3-2021.10-win32/gcc-arm-none-eabi-10.3-2021.10/bin/../lib/gcc/arm-none-eabi/10.3.1/../../../../arm-none-eabi/lib/thumb/v7-m/nofp\libg.a(lib_a-strncpy.o)
 .ARM.attributes
                0x00000557       0x2d d:/tool_chain/gcc-arm-none-eabi-10.3-2021.10-win32/gcc-arm-none-eabi-10.3-2021.10/bin/../lib/gcc/arm-none-eabi/10.3.1/../../../../arm-none-eabi/lib/thumb/v7-m/nofp\libg.a(lib_a-svfprintf.o)
 .ARM.attributes
                0x00000584       0x2d d:/tool_chain/gcc-arm-none-eabi-10.3-2021.10-win32/gcc-arm-none-eabi-10.3-2021.10/bin/../lib/gcc/arm-none-eabi/10.3.1/../../../../arm-none-eabi/lib/thumb/v7-m/nofp\libg.a(lib_a-vfprintf.o)
 .ARM.attributes
                0x000005b1       0x2d d:/tool_chain/gcc-arm-none-eabi-10.3-2021.10-win32/gcc-arm-none-eabi-10.3-2021.10/bin/../lib/gcc/arm-none-eabi/10.3.1/../../../../arm-none-eabi/lib/thumb/v7-m/nofp\libg.a(lib_a-wsetup.o)
 .ARM.attributes
                0x000005de       0x2d d:/tool_chain/gcc-arm-none-eabi-10.3-2021.10-win32/gcc-arm-none-eabi-10.3-2021.10/bin/../lib/gcc/arm-none-eabi/10.3.1/../../../../arm-none-eabi/lib/thumb/v7-m/nofp\libg.a(lib_a-__call_atexit.o)
 .ARM.attributes
                0x0000060b       0x2d d:/tool_chain/gcc-arm-none-eabi-10.3-2021.10-win32/gcc-arm-none-eabi-10.3-2021.10/bin/../lib/gcc/arm-none-eabi/10.3.1/../../../../arm-none-eabi/lib/thumb/v7-m/nofp\libg.a(lib_a-atexit.o)
 .ARM.attributes
                0x00000638       0x2d d:/tool_chain/gcc-arm-none-eabi-10.3-2021.10-win32/gcc-arm-none-eabi-10.3-2021.10/bin/../lib/gcc/arm-none-eabi/10.3.1/../../../../arm-none-eabi/lib/thumb/v7-m/nofp\libg.a(lib_a-dtoa.o)
 .ARM.attributes
                0x00000665       0x2d d:/tool_chain/gcc-arm-none-eabi-10.3-2021.10-win32/gcc-arm-none-eabi-10.3-2021.10/bin/../lib/gcc/arm-none-eabi/10.3.1/../../../../arm-none-eabi/lib/thumb/v7-m/nofp\libg.a(lib_a-fflush.o)
 .ARM.attributes
                0x00000692       0x2d d:/tool_chain/gcc-arm-none-eabi-10.3-2021.10-win32/gcc-arm-none-eabi-10.3-2021.10/bin/../lib/gcc/arm-none-eabi/10.3.1/../../../../arm-none-eabi/lib/thumb/v7-m/nofp\libg.a(lib_a-findfp.o)
 .ARM.attributes
                0x000006bf       0x2d d:/tool_chain/gcc-arm-none-eabi-10.3-2021.10-win32/gcc-arm-none-eabi-10.3-2021.10/bin/../lib/gcc/arm-none-eabi/10.3.1/../../../../arm-none-eabi/lib/thumb/v7-m/nofp\libg.a(lib_a-fini.o)
 .ARM.attributes
                0x000006ec       0x2d d:/tool_chain/gcc-arm-none-eabi-10.3-2021.10-win32/gcc-arm-none-eabi-10.3-2021.10/bin/../lib/gcc/arm-none-eabi/10.3.1/../../../../arm-none-eabi/lib/thumb/v7-m/nofp\libg.a(lib_a-freer.o)
 .ARM.attributes
                0x00000719       0x2d d:/tool_chain/gcc-arm-none-eabi-10.3-2021.10-win32/gcc-arm-none-eabi-10.3-2021.10/bin/../lib/gcc/arm-none-eabi/10.3.1/../../../../arm-none-eabi/lib/thumb/v7-m/nofp\libg.a(lib_a-fvwrite.o)
 .ARM.attributes
                0x00000746       0x2d d:/tool_chain/gcc-arm-none-eabi-10.3-2021.10-win32/gcc-arm-none-eabi-10.3-2021.10/bin/../lib/gcc/arm-none-eabi/10.3.1/../../../../arm-none-eabi/lib/thumb/v7-m/nofp\libg.a(lib_a-fwalk.o)
 .ARM.attributes
                0x00000773       0x2d d:/tool_chain/gcc-arm-none-eabi-10.3-2021.10-win32/gcc-arm-none-eabi-10.3-2021.10/bin/../lib/gcc/arm-none-eabi/10.3.1/../../../../arm-none-eabi/lib/thumb/v7-m/nofp\libg.a(lib_a-localeconv.o)
 .ARM.attributes
                0x000007a0       0x2d d:/tool_chain/gcc-arm-none-eabi-10.3-2021.10-win32/gcc-arm-none-eabi-10.3-2021.10/bin/../lib/gcc/arm-none-eabi/10.3.1/../../../../arm-none-eabi/lib/thumb/v7-m/nofp\libg.a(lib_a-lock.o)
 .ARM.attributes
                0x000007cd       0x2d d:/tool_chain/gcc-arm-none-eabi-10.3-2021.10-win32/gcc-arm-none-eabi-10.3-2021.10/bin/../lib/gcc/arm-none-eabi/10.3.1/../../../../arm-none-eabi/lib/thumb/v7-m/nofp\libg.a(lib_a-makebuf.o)
 .ARM.attributes
                0x000007fa       0x2d d:/tool_chain/gcc-arm-none-eabi-10.3-2021.10-win32/gcc-arm-none-eabi-10.3-2021.10/bin/../lib/gcc/arm-none-eabi/10.3.1/../../../../arm-none-eabi/lib/thumb/v7-m/nofp\libg.a(lib_a-mallocr.o)
 .ARM.attributes
                0x00000827       0x2d d:/tool_chain/gcc-arm-none-eabi-10.3-2021.10-win32/gcc-arm-none-eabi-10.3-2021.10/bin/../lib/gcc/arm-none-eabi/10.3.1/../../../../arm-none-eabi/lib/thumb/v7-m/nofp\libg.a(lib_a-memchr-stub.o)
 .ARM.attributes
                0x00000854       0x1b d:/tool_chain/gcc-arm-none-eabi-10.3-2021.10-win32/gcc-arm-none-eabi-10.3-2021.10/bin/../lib/gcc/arm-none-eabi/10.3.1/../../../../arm-none-eabi/lib/thumb/v7-m/nofp\libg.a(lib_a-memcpy.o)
 .ARM.attributes
                0x0000086f       0x2d d:/tool_chain/gcc-arm-none-eabi-10.3-2021.10-win32/gcc-arm-none-eabi-10.3-2021.10/bin/../lib/gcc/arm-none-eabi/10.3.1/../../../../arm-none-eabi/lib/thumb/v7-m/nofp\libg.a(lib_a-memmove.o)
 .ARM.attributes
                0x0000089c       0x2d d:/tool_chain/gcc-arm-none-eabi-10.3-2021.10-win32/gcc-arm-none-eabi-10.3-2021.10/bin/../lib/gcc/arm-none-eabi/10.3.1/../../../../arm-none-eabi/lib/thumb/v7-m/nofp\libg.a(lib_a-mlock.o)
 .ARM.attributes
                0x000008c9       0x2d d:/tool_chain/gcc-arm-none-eabi-10.3-2021.10-win32/gcc-arm-none-eabi-10.3-2021.10/bin/../lib/gcc/arm-none-eabi/10.3.1/../../../../arm-none-eabi/lib/thumb/v7-m/nofp\libg.a(lib_a-mprec.o)
 .ARM.attributes
                0x000008f6       0x2d d:/tool_chain/gcc-arm-none-eabi-10.3-2021.10-win32/gcc-arm-none-eabi-10.3-2021.10/bin/../lib/gcc/arm-none-eabi/10.3.1/../../../../arm-none-eabi/lib/thumb/v7-m/nofp\libg.a(lib_a-reallocr.o)
 .ARM.attributes
                0x00000923       0x2d d:/tool_chain/gcc-arm-none-eabi-10.3-2021.10-win32/gcc-arm-none-eabi-10.3-2021.10/bin/../lib/gcc/arm-none-eabi/10.3.1/../../../../arm-none-eabi/lib/thumb/v7-m/nofp\libg.a(lib_a-s_frexp.o)
 .ARM.attributes
                0x00000950       0x2d d:/tool_chain/gcc-arm-none-eabi-10.3-2021.10-win32/gcc-arm-none-eabi-10.3-2021.10/bin/../lib/gcc/arm-none-eabi/10.3.1/../../../../arm-none-eabi/lib/thumb/v7-m/nofp\libg.a(lib_a-sbrkr.o)
 .ARM.attributes
                0x0000097d       0x2d d:/tool_chain/gcc-arm-none-eabi-10.3-2021.10-win32/gcc-arm-none-eabi-10.3-2021.10/bin/../lib/gcc/arm-none-eabi/10.3.1/../../../../arm-none-eabi/lib/thumb/v7-m/nofp\libg.a(lib_a-stdio.o)
 .ARM.attributes
                0x000009aa       0x2d d:/tool_chain/gcc-arm-none-eabi-10.3-2021.10-win32/gcc-arm-none-eabi-10.3-2021.10/bin/../lib/gcc/arm-none-eabi/10.3.1/../../../../arm-none-eabi/lib/thumb/v7-m/nofp\libg.a(lib_a-svfiprintf.o)
 .ARM.attributes
                0x000009d7       0x2d d:/tool_chain/gcc-arm-none-eabi-10.3-2021.10-win32/gcc-arm-none-eabi-10.3-2021.10/bin/../lib/gcc/arm-none-eabi/10.3.1/../../../../arm-none-eabi/lib/thumb/v7-m/nofp\libg.a(lib_a-vfiprintf.o)
 .ARM.attributes
                0x00000a04       0x2d d:/tool_chain/gcc-arm-none-eabi-10.3-2021.10-win32/gcc-arm-none-eabi-10.3-2021.10/bin/../lib/gcc/arm-none-eabi/10.3.1/../../../../arm-none-eabi/lib/thumb/v7-m/nofp\libg.a(lib_a-writer.o)
 .ARM.attributes
                0x00000a31       0x2d d:/tool_chain/gcc-arm-none-eabi-10.3-2021.10-win32/gcc-arm-none-eabi-10.3-2021.10/bin/../lib/gcc/arm-none-eabi/10.3.1/../../../../arm-none-eabi/lib/thumb/v7-m/nofp\libg.a(lib_a-__atexit.o)
 .ARM.attributes
                0x00000a5e       0x2d d:/tool_chain/gcc-arm-none-eabi-10.3-2021.10-win32/gcc-arm-none-eabi-10.3-2021.10/bin/../lib/gcc/arm-none-eabi/10.3.1/../../../../arm-none-eabi/lib/thumb/v7-m/nofp\libg.a(lib_a-assert.o)
 .ARM.attributes
                0x00000a8b       0x2d d:/tool_chain/gcc-arm-none-eabi-10.3-2021.10-win32/gcc-arm-none-eabi-10.3-2021.10/bin/../lib/gcc/arm-none-eabi/10.3.1/../../../../arm-none-eabi/lib/thumb/v7-m/nofp\libg.a(lib_a-callocr.o)
 .ARM.attributes
                0x00000ab8       0x2d d:/tool_chain/gcc-arm-none-eabi-10.3-2021.10-win32/gcc-arm-none-eabi-10.3-2021.10/bin/../lib/gcc/arm-none-eabi/10.3.1/../../../../arm-none-eabi/lib/thumb/v7-m/nofp\libg.a(lib_a-closer.o)
 .ARM.attributes
                0x00000ae5       0x2d d:/tool_chain/gcc-arm-none-eabi-10.3-2021.10-win32/gcc-arm-none-eabi-10.3-2021.10/bin/../lib/gcc/arm-none-eabi/10.3.1/../../../../arm-none-eabi/lib/thumb/v7-m/nofp\libg.a(lib_a-fclose.o)
 .ARM.attributes
                0x00000b12       0x2d d:/tool_chain/gcc-arm-none-eabi-10.3-2021.10-win32/gcc-arm-none-eabi-10.3-2021.10/bin/../lib/gcc/arm-none-eabi/10.3.1/../../../../arm-none-eabi/lib/thumb/v7-m/nofp\libg.a(lib_a-fiprintf.o)
 .ARM.attributes
                0x00000b3f       0x2d d:/tool_chain/gcc-arm-none-eabi-10.3-2021.10-win32/gcc-arm-none-eabi-10.3-2021.10/bin/../lib/gcc/arm-none-eabi/10.3.1/../../../../arm-none-eabi/lib/thumb/v7-m/nofp\libg.a(lib_a-fputwc.o)
 .ARM.attributes
                0x00000b6c       0x2d d:/tool_chain/gcc-arm-none-eabi-10.3-2021.10-win32/gcc-arm-none-eabi-10.3-2021.10/bin/../lib/gcc/arm-none-eabi/10.3.1/../../../../arm-none-eabi/lib/thumb/v7-m/nofp\libg.a(lib_a-fstatr.o)
 .ARM.attributes